Component: ARM Compiler 5.06 update 2 (build 183) Tool: armlink [4d35b7]

==============================================================================

Section Cross References

    gd32f4xx_it.o(i.SDIO_IRQHandler) refers to sdcard.o(i.sd_interrupts_process) for sd_interrupts_process
    gd32f4xx_it.o(i.SysTick_Handler) refers to systick.o(i.delay_decrement) for delay_decrement
    main.o(i.main) refers to function_1.o(i.System_Init) for System_Init
    main.o(i.main) refers to function_1.o(i.UsrFunction) for UsrFunction
    systick.o(i.delay_1ms) refers to systick.o(.data) for delay
    systick.o(i.delay_decrement) refers to systick.o(.data) for delay
    systick.o(i.systick_config) refers to systick.o(i.NVIC_SetPriority) for NVIC_SetPriority
    systick.o(i.systick_config) refers to system_gd32f4xx.o(.data) for SystemCoreClock
    led.o(i.LED_Flicker) refers to usart0.o(i.get_LED_state) for get_LED_state
    led.o(i.LED_Flicker) refers to gd32f4xx_gpio.o(i.gpio_bit_toggle) for gpio_bit_toggle
    led.o(i.LED_Flicker) refers to led.o(.data) for s_iCnt
    led.o(i.LED_Init) refers to gd32f4xx_rcu.o(i.rcu_periph_clock_enable) for rcu_periph_clock_enable
    led.o(i.LED_Init) refers to gd32f4xx_gpio.o(i.gpio_mode_set) for gpio_mode_set
    led.o(i.LED_Init) refers to gd32f4xx_gpio.o(i.gpio_output_options_set) for gpio_output_options_set
    led.o(i.LED_Init) refers to gd32f4xx_gpio.o(i.gpio_bit_reset) for gpio_bit_reset
    sdcard.o(i.cmdsent_error_check) refers to gd32f4xx_sdio.o(i.sdio_flag_get) for sdio_flag_get
    sdcard.o(i.cmdsent_error_check) refers to gd32f4xx_sdio.o(i.sdio_flag_clear) for sdio_flag_clear
    sdcard.o(i.dma_receive_config) refers to gd32f4xx_dma.o(i.dma_flag_clear) for dma_flag_clear
    sdcard.o(i.dma_receive_config) refers to gd32f4xx_dma.o(i.dma_channel_disable) for dma_channel_disable
    sdcard.o(i.dma_receive_config) refers to gd32f4xx_dma.o(i.dma_deinit) for dma_deinit
    sdcard.o(i.dma_receive_config) refers to gd32f4xx_dma.o(i.dma_multi_data_mode_init) for dma_multi_data_mode_init
    sdcard.o(i.dma_receive_config) refers to gd32f4xx_dma.o(i.dma_flow_controller_config) for dma_flow_controller_config
    sdcard.o(i.dma_receive_config) refers to gd32f4xx_dma.o(i.dma_channel_subperipheral_select) for dma_channel_subperipheral_select
    sdcard.o(i.dma_receive_config) refers to gd32f4xx_dma.o(i.dma_channel_enable) for dma_channel_enable
    sdcard.o(i.dma_transfer_config) refers to gd32f4xx_dma.o(i.dma_flag_clear) for dma_flag_clear
    sdcard.o(i.dma_transfer_config) refers to gd32f4xx_dma.o(i.dma_channel_disable) for dma_channel_disable
    sdcard.o(i.dma_transfer_config) refers to gd32f4xx_dma.o(i.dma_deinit) for dma_deinit
    sdcard.o(i.dma_transfer_config) refers to gd32f4xx_dma.o(i.dma_multi_data_mode_init) for dma_multi_data_mode_init
    sdcard.o(i.dma_transfer_config) refers to gd32f4xx_dma.o(i.dma_flow_controller_config) for dma_flow_controller_config
    sdcard.o(i.dma_transfer_config) refers to gd32f4xx_dma.o(i.dma_channel_subperipheral_select) for dma_channel_subperipheral_select
    sdcard.o(i.dma_transfer_config) refers to gd32f4xx_dma.o(i.dma_channel_enable) for dma_channel_enable
    sdcard.o(i.gpio_config) refers to gd32f4xx_gpio.o(i.gpio_af_set) for gpio_af_set
    sdcard.o(i.gpio_config) refers to gd32f4xx_gpio.o(i.gpio_mode_set) for gpio_mode_set
    sdcard.o(i.gpio_config) refers to gd32f4xx_gpio.o(i.gpio_output_options_set) for gpio_output_options_set
    sdcard.o(i.r1_error_check) refers to gd32f4xx_sdio.o(i.sdio_flag_clear) for sdio_flag_clear
    sdcard.o(i.r1_error_check) refers to gd32f4xx_sdio.o(i.sdio_command_index_get) for sdio_command_index_get
    sdcard.o(i.r1_error_check) refers to gd32f4xx_sdio.o(i.sdio_response_get) for sdio_response_get
    sdcard.o(i.r1_error_check) refers to sdcard.o(i.r1_error_type_check) for r1_error_type_check
    sdcard.o(i.r2_error_check) refers to gd32f4xx_sdio.o(i.sdio_flag_clear) for sdio_flag_clear
    sdcard.o(i.r3_error_check) refers to gd32f4xx_sdio.o(i.sdio_flag_clear) for sdio_flag_clear
    sdcard.o(i.r6_error_check) refers to gd32f4xx_sdio.o(i.sdio_flag_clear) for sdio_flag_clear
    sdcard.o(i.r6_error_check) refers to gd32f4xx_sdio.o(i.sdio_command_index_get) for sdio_command_index_get
    sdcard.o(i.r6_error_check) refers to gd32f4xx_sdio.o(i.sdio_response_get) for sdio_response_get
    sdcard.o(i.r7_error_check) refers to gd32f4xx_sdio.o(i.sdio_flag_clear) for sdio_flag_clear
    sdcard.o(i.rcu_config) refers to gd32f4xx_rcu.o(i.rcu_periph_clock_enable) for rcu_periph_clock_enable
    sdcard.o(i.sd_block_read) refers to gd32f4xx_sdio.o(i.sdio_data_config) for sdio_data_config
    sdcard.o(i.sd_block_read) refers to gd32f4xx_sdio.o(i.sdio_data_transfer_config) for sdio_data_transfer_config
    sdcard.o(i.sd_block_read) refers to gd32f4xx_sdio.o(i.sdio_dsm_disable) for sdio_dsm_disable
    sdcard.o(i.sd_block_read) refers to gd32f4xx_sdio.o(i.sdio_dma_disable) for sdio_dma_disable
[...]
    __Vectors_End                            0x080001ac   Data           0  startup_gd32f450_470.o(RESET)
    __main                                   0x080001ad   Thumb Code     0  entry.o(.ARM.Collect$$$$00000000)
    _main_stk                                0x080001ad   Thumb Code     0  entry2.o(.ARM.Collect$$$$00000001)
    _main_scatterload                        0x080001b1   Thumb Code     0  entry5.o(.ARM.Collect$$$$00000004)
    __main_after_scatterload                 0x080001b5   Thumb Code     0  entry5.o(.ARM.Collect$$$$00000004)
    _main_clock                              0x080001b5   Thumb Code     0  entry7b.o(.ARM.Collect$$$$00000008)
    _main_cpp_init                           0x080001b5   Thumb Code     0  entry8b.o(.ARM.Collect$$$$0000000A)
    _main_init                               0x080001b5   Thumb Code     0  entry9a.o(.ARM.Collect$$$$0000000B)
    __rt_final_cpp                           0x080001bd   Thumb Code     0  entry10a.o(.ARM.Collect$$$$0000000D)
    __rt_final_exit                          0x080001bd   Thumb Code     0  entry11a.o(.ARM.Collect$$$$0000000F)
    Reset_Handler                            0x080001c1   Thumb Code     8  startup_gd32f450_470.o(.text)
    ADC_IRQHandler                           0x080001db   Thumb Code     0  startup_gd32f450_470.o(.text)
    CAN0_EWMC_IRQHandler                     0x080001db   Thumb Code     0  startup_gd32f450_470.o(.text)
    CAN0_RX0_IRQHandler                      0x080001db   Thumb Code     0  startup_gd32f450_470.o(.text)
    CAN0_RX1_IRQHandler                      0x080001db   Thumb Code     0  startup_gd32f450_470.o(.text)
    CAN0_TX_IRQHandler                       0x080001db   Thumb Code     0  startup_gd32f450_470.o(.text)
    CAN1_EWMC_IRQHandler                     0x080001db   Thumb Code     0  startup_gd32f450_470.o(.text)
    CAN1_RX0_IRQHandler                      0x080001db   Thumb Code     0  startup_gd32f450_470.o(.text)
    CAN1_RX1_IRQHandler                      0x080001db   Thumb Code     0  startup_gd32f450_470.o(.text)
    CAN1_TX_IRQHandler                       0x080001db   Thumb Code     0  startup_gd32f450_470.o(.text)
    DCI_IRQHandler                           0x080001db   Thumb Code     0  startup_gd32f450_470.o(.text)
    DMA0_Channel0_IRQHandler                 0x080001db   Thumb Code     0  startup_gd32f450_470.o(.text)
    DMA0_Channel1_IRQHandler                 0x080001db   Thumb Code     0  startup_gd32f450_470.o(.text)
    DMA0_Channel2_IRQHandler                 0x080001db   Thumb Code     0  startup_gd32f450_470.o(.text)
    DMA0_Channel3_IRQHandler                 0x080001db   Thumb Code     0  startup_gd32f450_470.o(.text)
    DMA0_Channel4_IRQHandler                 0x080001db   Thumb Code     0  startup_gd32f450_470.o(.text)
    DMA0_Channel5_IRQHandler                 0x080001db   Thumb Code     0  startup_gd32f450_470.o(.text)
    DMA0_Channel6_IRQHandler                 0x080001db   Thumb Code     0  startup_gd32f450_470.o(.text)
    DMA0_Channel7_IRQHandler                 0x080001db   Thumb Code     0  startup_gd32f450_470.o(.text)
    DMA1_Channel0_IRQHandler                 0x080001db   Thumb Code     0  startup_gd32f450_470.o(.text)
    DMA1_Channel1_IRQHandler                 0x080001db   Thumb Code     0  startup_gd32f450_470.o(.text)
    DMA1_Channel2_IRQHandler                 0x080001db   Thumb Code     0  startup_gd32f450_470.o(.text)
    DMA1_Channel3_IRQHandler                 0x080001db   Thumb Code     0  startup_gd32f450_470.o(.text)
    DMA1_Channel4_IRQHandler                 0x080001db   Thumb Code     0  startup_gd32f450_470.o(.text)
    DMA1_Channel5_IRQHandler                 0x080001db   Thumb Code     0  startup_gd32f450_470.o(.text)
    DMA1_Channel6_IRQHandler                 0x080001db   Thumb Code     0  startup_gd32f450_470.o(.text)
    DMA1_Channel7_IRQHandler                 0x080001db   Thumb Code     0  startup_gd32f450_470.o(.text)
    ENET_IRQHandler                          0x080001db   Thumb Code     0  startup_gd32f450_470.o(.text)
    ENET_WKUP_IRQHandler                     0x080001db   Thumb Code     0  startup_gd32f450_470.o(.text)
    EXMC_IRQHandler                          0x080001db   Thumb Code     0  startup_gd32f450_470.o(.text)
    EXTI0_IRQHandler                         0x080001db   Thumb Code     0  startup_gd32f450_470.o(.text)
    EXTI10_15_IRQHandler                     0x080001db   Thumb Code     0  startup_gd32f450_470.o(.text)
    EXTI1_IRQHandler                         0x080001db   Thumb Code     0  startup_gd32f450_470.o(.text)
    EXTI2_IRQHandler                         0x080001db   Thumb Code     0  startup_gd32f450_470.o(.text)
    EXTI4_IRQHandler                         0x080001db   Thumb Code     0  startup_gd32f450_470.o(.text)
    EXTI5_9_IRQHandler                       0x080001db   Thumb Code     0  startup_gd32f450_470.o(.text)
    FMC_IRQHandler                           0x080001db   Thumb Code     0  startup_gd32f450_470.o(.text)
    FPU_IRQHandler                           0x080001db   Thumb Code     0  startup_gd32f450_470.o(.text)
    I2C0_ER_IRQHandler                       0x080001db   Thumb Code     0  startup_gd32f450_470.o(.text)
    I2C0_EV_IRQHandler                       0x080001db   Thumb Code     0  startup_gd32f450_470.o(.text)
    I2C1_ER_IRQHandler                       0x080001db   Thumb Code     0  startup_gd32f450_470.o(.text)
    I2C1_EV_IRQHandler                       0x080001db   Thumb Code     0  startup_gd32f450_470.o(.text)
    I2C2_ER_IRQHandler                       0x080001db   Thumb Code     0  startup_gd32f450_470.o(.text)
    I2C2_EV_IRQHandler                       0x080001db   Thumb Code     0  startup_gd32f450_470.o(.text)
    IPA_IRQHandler                           0x080001db   Thumb Code     0  startup_gd32f450_470.o(.text)
    LVD_IRQHandler                           0x080001db   Thumb Code     0  startup_gd32f450_470.o(.text)
    RCU_CTC_IRQHandler                       0x080001db   Thumb Code     0  startup_gd32f450_470.o(.text)
    RTC_Alarm_IRQHandler                     0x080001db   Thumb Code     0  startup_gd32f450_470.o(.text)
    RTC_WKUP_IRQHandler                      0x080001db   Thumb Code     0  startup_gd32f450_470.o(.text)
    SPI0_IRQHandler                          0x080001db   Thumb Code     0  startup_gd32f450_470.o(.text)
    SPI1_IRQHandler                          0x080001db   Thumb Code     0  startup_gd32f450_470.o(.text)
    SPI2_IRQHandler                          0x080001db   Thumb Code     0  startup_gd32f450_470.o(.text)
    SPI3_IRQHandler                          0x080001db   Thumb Code     0  startup_gd32f450_470.o(.text)
    SPI4_IRQHandler                          0x080001db   Thumb Code     0  startup_gd32f450_470.o(.text)
    SPI5_IRQHandler                          0x080001db   Thumb Code     0  startup_gd32f450_470.o(.text)
    TAMPER_STAMP_IRQHandler                  0x080001db   Thumb Code     0  startup_gd32f450_470.o(.text)
    TIMER0_BRK_TIMER8_IRQHandler             0x080001db   Thumb Code     0  startup_gd32f450_470.o(.text)
    TIMER0_Channel_IRQHandler                0x080001db   Thumb Code     0  startup_gd32f450_470.o(.text)
    TIMER0_TRG_CMT_TIMER10_IRQHandler        0x080001db   Thumb Code     0  startup_gd32f450_470.o(.text)
    TIMER0_UP_TIMER9_IRQHandler              0x080001db   Thumb Code     0  startup_gd32f450_470.o(.text)
    TIMER2_IRQHandler                        0x080001db   Thumb Code     0  startup_gd32f450_470.o(.text)
    TIMER3_IRQHandler                        0x080001db   Thumb Code     0  startup_gd32f450_470.o(.text)
    TIMER5_DAC_IRQHandler                    0x080001db   Thumb Code     0  startup_gd32f450_470.o(.text)
    TIMER6_IRQHandler                        0x080001db   Thumb Code     0  startup_gd32f450_470.o(.text)
    TIMER7_BRK_TIMER11_IRQHandler            0x080001db   Thumb Code     0  startup_gd32f450_470.o(.text)
    TIMER7_Channel_IRQHandler                0x080001db   Thumb Code     0  startup_gd32f450_470.o(.text)
    TIMER7_TRG_CMT_TIMER13_IRQHandler        0x080001db   Thumb Code     0  startup_gd32f450_470.o(.text)
    TIMER7_UP_TIMER12_IRQHandler             0x080001db   Thumb Code     0  startup_gd32f450_470.o(.text)
    TLI_ER_IRQHandler                        0x080001db   Thumb Code     0  startup_gd32f450_470.o(.text)
    TLI_IRQHandler                           0x080001db   Thumb Code     0  startup_gd32f450_470.o(.text)
    TRNG_IRQHandler                          0x080001db   Thumb Code     0  startup_gd32f450_470.o(.text)
    UART3_IRQHandler                         0x080001db   Thumb Code     0  startup_gd32f450_470.o(.text)
    UART4_IRQHandler                         0x080001db   Thumb Code     0  startup_gd32f450_470.o(.text)
    UART6_IRQHandler                         0x080001db   Thumb Code     0  startup_gd32f450_470.o(.text)
    UART7_IRQHandler                         0x080001db   Thumb Code     0  startup_gd32f450_470.o(.text)
    USART1_IRQHandler                        0x080001db   Thumb Code     0  startup_gd32f450_470.o(.text)
    USART2_IRQHandler                        0x080001db   Thumb Code     0  startup_gd32f450_470.o(.text)
    USART5_IRQHandler                        0x080001db   Thumb Code     0  startup_gd32f450_470.o(.text)
    USBFS_IRQHandler                         0x080001db   Thumb Code     0  startup_gd32f450_470.o(.text)
    USBFS_WKUP_IRQHandler                    0x080001db   Thumb Code     0  startup_gd32f450_470.o(.text)
    USBHS_EP1_In_IRQHandler                  0x080001db   Thumb Code     0  startup_gd32f450_470.o(.text)
    USBHS_EP1_Out_IRQHandler                 0x080001db   Thumb Code     0  startup_gd32f450_470.o(.text)
    USBHS_IRQHandler                         0x080001db   Thumb Code     0  startup_gd32f450_470.o(.text)
    USBHS_WKUP_IRQHandler                    0x080001db   Thumb Code     0  startup_gd32f450_470.o(.text)
    WWDGT_IRQHandler                         0x080001db   Thumb Code     0  startup_gd32f450_470.o(.text)
    __aeabi_memcpy                           0x080001e5   Thumb Code    36  memcpya.o(.text)
    __aeabi_memcpy4                          0x080001e5   Thumb Code     0  memcpya.o(.text)
    __aeabi_memcpy8                          0x080001e5   Thumb Code     0  memcpya.o(.text)
    __aeabi_memset                           0x08000209   Thumb Code    14  memseta.o(.text)
    __aeabi_memset4                          0x08000209   Thumb Code     0  memseta.o(.text)
    __aeabi_memset8                          0x08000209   Thumb Code     0  memseta.o(.text)
    __aeabi_memclr                           0x08000217   Thumb Code     4  memseta.o(.text)
    __aeabi_memclr4                          0x08000217   Thumb Code     0  memseta.o(.text)
    __aeabi_memclr8                          0x08000217   Thumb Code     0  memseta.o(.text)
    _memset$wrapper                          0x0800021b   Thumb Code    18  memseta.o(.text)
    strlen                                   0x0800022d   Thumb Code    14  strlen.o(.text)
    strcmp                                   0x0800023b   Thumb Code    28  strcmp.o(.text)
    __0sscanf                                0x08000259   Thumb Code    48  __0sscanf.o(.text)
    _scanf_int                               0x08000291   Thumb Code   332  _scanf_int.o(.text)
    _scanf_string                            0x080003dd   Thumb Code   224  _scanf_str.o(.text)
    _scanf_real                              0x080005bd   Thumb Code     0  scanf_fp.o(.text)
    _scanf_really_real                       0x080005bd   Thumb Code   556  scanf_fp.o(.text)
    __aeabi_dmul                             0x080007f5   Thumb Code   228  dmul.o(.text)
    __aeabi_ddiv                             0x080008d9   Thumb Code   222  ddiv.o(.text)
    __aeabi_ui2d                             0x080009b7   Thumb Code    26  dfltui.o(.text)
    __aeabi_f2d                              0x080009d1   Thumb Code    38  f2d.o(.text)
    __aeabi_d2f                              0x080009f7   Thumb Code    56  d2f.o(.text)
    __aeabi_uidiv                            0x08000a2f   Thumb Code     0  uidiv.o(.text)
    __aeabi_uidivmod                         0x08000a2f   Thumb Code    44  uidiv.o(.text)
    __aeabi_uldivmod                         0x08000a5b   Thumb Code    98  uldiv.o(.text)
    _chval                                   0x08000abd   Thumb Code    28  _chval.o(.text)
    __vfscanf_char                           0x08000ae5   Thumb Code    20  scanf_char.o(.text)
    _sgetc                                   0x08000b01   Thumb Code    30  _sgetc.o(.text)
    _sbackspace                              0x08000b1f   Thumb Code    34  _sgetc.o(.text)
    __strtod_int                             0x08000b77   Thumb Code    88  strtod.o(.text)
    __I$use$fp                               0x08000bdd   Thumb Code     0  iusefp.o(.text)
    _float_round                             0x08000bdd   Thumb Code    18  fepilogue.o(.text)
    _float_epilogue                          0x08000bef   Thumb Code    92  fepilogue.o(.text)
    _double_round                            0x08000c4b   Thumb Code    30  depilogue.o(.text)
    _double_epilogue                         0x08000c69   Thumb Code   156  depilogue.o(.text)
    __aeabi_dadd                             0x08000d05   Thumb Code   322  dadd.o(.text)
    __aeabi_dsub                             0x08000e47   Thumb Code     6  dadd.o(.text)
    __aeabi_drsub                            0x08000e4d   Thumb Code     6  dadd.o(.text)
    __aeabi_ul2d                             0x08000e53   Thumb Code    24  dfltul.o(.text)
    __aeabi_d2ulz                            0x08000e6b   Thumb Code    48  dfixul.o(.text)
    __aeabi_cdrcmple                         0x08000e9d   Thumb Code    48  cdrcmple.o(.text)
    __scatterload                            0x08000ecd   Thumb Code    28  init.o(.text)
    __scatterload_rt2                        0x08000ecd   Thumb Code     0  init.o(.text)
    __aeabi_llsl                             0x08000ef1   Thumb Code    30  llshl.o(.text)
    _ll_shift_l                              0x08000ef1   Thumb Code     0  llshl.o(.text)
    __aeabi_llsr                             0x08000f0f   Thumb Code    32  llushr.o(.text)
    _ll_ushift_r                             0x08000f0f   Thumb Code     0  llushr.o(.text)
    __aeabi_lasr                             0x08000f2f   Thumb Code    36  llsshr.o(.text)
    _ll_sshift_r                             0x08000f2f   Thumb Code     0  llsshr.o(.text)
    __rt_ctype_table                         0x08000f55   Thumb Code     4  ctype_o.o(.text)
    isspace                                  0x08000f5d   Thumb Code    18  isspace_o.o(.text)
    __vfscanf                                0x08000f71   Thumb Code   808  _scanf.o(.text)
    __decompress                             0x0800129d   Thumb Code     0  __dczerorl2.o(.text)
    __decompress1                            0x0800129d   Thumb Code    86  __dczerorl2.o(.text)
    ADC_Init                                 0x080012f5   Thumb Code    86  adc.o(i.ADC_Init)
    ADC_port_init                            0x08001351   Thumb Code    52  adc.o(i.ADC_port_init)
    BusFault_Handler                         0x0800138d   Thumb Code     4  gd32f4xx_it.o(i.BusFault_Handler)
    DataProcess                              0x08001435   Thumb Code   844  dataprocess_1.o(i.DataProcess)
    DebugMon_Handler                         0x080018d5   Thumb Code     2  gd32f4xx_it.o(i.DebugMon_Handler)
    EXTI3_IRQHandler                         0x080018d9   Thumb Code    76  key.o(i.EXTI3_IRQHandler)
    EXTI_PIN_Init                            0x08001939   Thumb Code    46  key.o(i.EXTI_PIN_Init)
    Get_RTC_DateTimeString                   0x08001969   Thumb Code   184  function_1.o(i.Get_RTC_DateTimeString)
    Get_RTC_DateTimeString_without           0x08001a41   Thumb Code   184  function_1.o(i.Get_RTC_DateTimeString_without)
    HardFault_Handler                        0x08001b15   Thumb Code     4  gd32f4xx_it.o(i.HardFault_Handler)
    I2C_Start                                0x08001b19   Thumb Code    84  oled.o(i.I2C_Start)
    I2C_Stop                                 0x08001b71   Thumb Code    66  oled.o(i.I2C_Stop)
    I2C_WaitAck                              0x08001bb9   Thumb Code   116  oled.o(i.I2C_WaitAck)
    IIC_delay                                0x08001c31   Thumb Code    16  oled.o(i.IIC_delay)
    InitTimer                                0x08001c41   Thumb Code    24  timer.o(i.InitTimer)
    KEY_Init                                 0x08001c59   Thumb Code    60  key.o(i.KEY_Init)
    KEY_Stat                                 0x08001c99   Thumb Code    54  key.o(i.KEY_Stat)
    LED_Flicker                              0x08001cd1   Thumb Code    44  led.o(i.LED_Flicker)
    LED_Init                                 0x08001d05   Thumb Code    76  led.o(i.LED_Init)
    MemManage_Handler                        0x08001d55   Thumb Code     4  gd32f4xx_it.o(i.MemManage_Handler)
    NMI_Handler                              0x08001d59   Thumb Code     2  gd32f4xx_it.o(i.NMI_Handler)
    OLED_Clear                               0x08001d85   Thumb Code    42  oled.o(i.OLED_Clear)
    OLED_ClearPoint                          0x08001db5   Thumb Code    90  oled.o(i.OLED_ClearPoint)
    OLED_DrawPoint                           0x08001e15   Thumb Code    54  oled.o(i.OLED_DrawPoint)
    OLED_Init                                0x08001e51   Thumb Code   324  oled.o(i.OLED_Init)
    OLED_Refresh                             0x08001f99   Thumb Code    70  oled.o(i.OLED_Refresh)
    OLED_ShowChar                            0x08001fe5   Thumb Code   240  oled.o(i.OLED_ShowChar)
    OLED_ShowString                          0x080020e1   Thumb Code    66  oled.o(i.OLED_ShowString)
    OLED_WR_Byte                             0x08002123   Thumb Code    56  oled.o(i.OLED_WR_Byte)
    PendSV_Handler                           0x0800215b   Thumb Code     2  gd32f4xx_it.o(i.PendSV_Handler)
    RTC_Init                                 0x080022cd   Thumb Code    78  rtc.o(i.RTC_Init)
    SDIO_IRQHandler                          0x08002329   Thumb Code     8  gd32f4xx_it.o(i.SDIO_IRQHandler)
    SVC_Handler                              0x08002331   Thumb Code     2  gd32f4xx_it.o(i.SVC_Handler)
    Send_Byte                                0x08002335   Thumb Code    88  oled.o(i.Send_Byte)
    SysTick_Handler                          0x08002391   Thumb Code     8  gd32f4xx_it.o(i.SysTick_Handler)
    SystemInit                               0x08002399   Thumb Code   194  system_gd32f4xx.o(i.SystemInit)
    System_Init                              0x0800246d   Thumb Code    82  function_1.o(i.System_Init)
    TF_Card_IsPresent                        0x080024c5   Thumb Code    20  testfunction_1.o(i.TF_Card_IsPresent)
    TIMER1_IRQHandler                        0x080024dd   Thumb Code    56  timer.o(i.TIMER1_IRQHandler)
    TIMER4_IRQHandler                        0x0800251d   Thumb Code    58  timer.o(i.TIMER4_IRQHandler)
    USART0_Config                            0x08002565   Thumb Code   186  usart0.o(i.USART0_Config)
    USART0_IRQHandler                        0x08002629   Thumb Code    96  usart0.o(i.USART0_IRQHandler)
    UsageFault_Handler                       0x08002699   Thumb Code     4  gd32f4xx_it.o(i.UsageFault_Handler)
    UsrFunction                              0x0800269d   Thumb Code   370  function_1.o(i.UsrFunction)
    __0printf                                0x0800293d   Thumb Code    22  printfa.o(i.__0printf)
    __1printf                                0x0800293d   Thumb Code     0  printfa.o(i.__0printf)
    __2printf                                0x0800293d   Thumb Code     0  printfa.o(i.__0printf)
    __c89printf                              0x0800293d   Thumb Code     0  printfa.o(i.__0printf)
    printf                                   0x0800293d   Thumb Code     0  printfa.o(i.__0printf)
    __0snprintf                              0x0800295d   Thumb Code    36  printfa.o(i.__0snprintf)
    __1snprintf                              0x0800295d   Thumb Code     0  printfa.o(i.__0snprintf)
    __2snprintf                              0x0800295d   Thumb Code     0  printfa.o(i.__0snprintf)
    __c89snprintf                            0x0800295d   Thumb Code     0  printfa.o(i.__0snprintf)
    snprintf                                 0x0800295d   Thumb Code     0  printfa.o(i.__0snprintf)
    __0sprintf                               0x08002985   Thumb Code    34  printfa.o(i.__0sprintf)
    __1sprintf                               0x08002985   Thumb Code     0  printfa.o(i.__0sprintf)
    __2sprintf                               0x08002985   Thumb Code     0  printfa.o(i.__0sprintf)
    __c89sprintf                             0x08002985   Thumb Code     0  printfa.o(i.__0sprintf)
    sprintf                                  0x08002985   Thumb Code     0  printfa.o(i.__0sprintf)
    __hardfp_atof                            0x080029b1   Thumb Code    44  atof.o(i.__hardfp_atof)
    __read_errno                             0x080029e9   Thumb Code     6  errno.o(i.__read_errno)
    __scatterload_copy                       0x080029f5   Thumb Code    14  handlers.o(i.__scatterload_copy)
    __scatterload_null                       0x08002a03   Thumb Code     2  handlers.o(i.__scatterload_null)
    __scatterload_zeroinit                   0x08002a05   Thumb Code    14  handlers.o(i.__scatterload_zeroinit)
    __set_errno                              0x08002a15   Thumb Code     6  errno.o(i.__set_errno)
    _is_digit                                0x08002b85   Thumb Code    14  scanf_fp.o(i._is_digit)
    adc_calibration_enable                   0x080032e3   Thumb Code    42  gd32f4xx_adc.o(i.adc_calibration_enable)
    adc_channel_length_config                0x0800330d   Thumb Code    82  gd32f4xx_adc.o(i.adc_channel_length_config)
    adc_clock_config                         0x08003361   Thumb Code    28  gd32f4xx_adc.o(i.adc_clock_config)
    adc_data_alignment_config                0x08003385   Thumb Code    22  gd32f4xx_adc.o(i.adc_data_alignment_config)
    adc_deinit                               0x0800339b   Thumb Code    20  gd32f4xx_adc.o(i.adc_deinit)
    adc_enable                               0x080033af   Thumb Code    18  gd32f4xx_adc.o(i.adc_enable)
    adc_external_trigger_config              0x080033c1   Thumb Code    52  gd32f4xx_adc.o(i.adc_external_trigger_config)
    adc_external_trigger_source_config       0x080033f5   Thumb Code    48  gd32f4xx_adc.o(i.adc_external_trigger_source_config)
    adc_flag_clear                           0x08003425   Thumb Code     8  gd32f4xx_adc.o(i.adc_flag_clear)
    adc_flag_get                             0x0800342d   Thumb Code    14  gd32f4xx_adc.o(i.adc_flag_get)
    adc_routine_channel_config               0x0800343b   Thumb Code   172  gd32f4xx_adc.o(i.adc_routine_channel_config)
    adc_software_trigger_enable              0x080034e7   Thumb Code    36  gd32f4xx_adc.o(i.adc_software_trigger_enable)
    adc_special_function_config              0x0800350b   Thumb Code    90  gd32f4xx_adc.o(i.adc_special_function_config)
    bcd_to_byte                              0x08003565   Thumb Code    22  rtc.o(i.bcd_to_byte)
    byte_to_bcd                              0x0800357b   Thumb Code    26  rtc.o(i.byte_to_bcd)
    clear_1s_flag                            0x080039d5   Thumb Code     8  timer.o(i.clear_1s_flag)
    clear_5ms_flag                           0x080039e1   Thumb Code     8  timer.o(i.clear_5ms_flag)
    clust2sect                               0x080039ed   Thumb Code    26  ff.o(i.clust2sect)
    conf_function                            0x08003ac9   Thumb Code     8  configfunction_1.o(i.conf_function)
    config_read_function                     0x08003ad1   Thumb Code    82  configfunction_1.o(i.config_read_function)
    config_save_function                     0x08003b65   Thumb Code    90  configfunction_1.o(i.config_save_function)
    create_folder                            0x08003ccf   Thumb Code    20  function_1.o(i.create_folder)
    delay_1ms                                0x08003fc9   Thumb Code    16  systick.o(i.delay_1ms)
    delay_decrement                          0x08003fdd   Thumb Code    18  systick.o(i.delay_decrement)
    disk_initialize                          0x0800441f   Thumb Code   134  diskio.o(i.disk_initialize)
    disk_ioctl                               0x080044a5   Thumb Code     6  diskio.o(i.disk_ioctl)
    disk_read                                0x080044ab   Thumb Code    80  diskio.o(i.disk_read)
    disk_status                              0x080044fb   Thumb Code    12  diskio.o(i.disk_status)
    disk_write                               0x08004507   Thumb Code    80  diskio.o(i.disk_write)
    dma_channel_disable                      0x08004557   Thumb Code    32  gd32f4xx_dma.o(i.dma_channel_disable)
    dma_channel_enable                       0x08004577   Thumb Code    32  gd32f4xx_dma.o(i.dma_channel_enable)
    dma_channel_subperipheral_select         0x08004597   Thumb Code    38  gd32f4xx_dma.o(i.dma_channel_subperipheral_select)
    dma_deinit                               0x080045bd   Thumb Code   166  gd32f4xx_dma.o(i.dma_deinit)
    dma_flag_clear                           0x08004663   Thumb Code    62  gd32f4xx_dma.o(i.dma_flag_clear)
    dma_flag_get                             0x080046a1   Thumb Code    76  gd32f4xx_dma.o(i.dma_flag_get)
    dma_flow_controller_config               0x080046ed   Thumb Code    64  gd32f4xx_dma.o(i.dma_flow_controller_config)
    dma_multi_data_mode_init                 0x0800472d   Thumb Code   352  gd32f4xx_dma.o(i.dma_multi_data_mode_init)
    exti_init                                0x080049f9   Thumb Code   184  gd32f4xx_exti.o(i.exti_init)
    exti_interrupt_flag_clear                0x08004ab5   Thumb Code     6  gd32f4xx_exti.o(i.exti_interrupt_flag_clear)
    exti_interrupt_flag_get                  0x08004ac1   Thumb Code    18  gd32f4xx_exti.o(i.exti_interrupt_flag_get)
    f_close                                  0x08004ad9   Thumb Code    22  ff.o(i.f_close)
    f_gets                                   0x08004aef   Thumb Code    78  ff.o(i.f_gets)
    f_lseek                                  0x08004b3d   Thumb Code   356  ff.o(i.f_lseek)
    f_mkdir                                  0x08004ca1   Thumb Code   402  ff.o(i.f_mkdir)
    f_mount                                  0x08004e39   Thumb Code    38  ff.o(i.f_mount)
    f_open                                   0x08004e65   Thumb Code   368  ff.o(i.f_open)
    f_read                                   0x08004fd9   Thumb Code   400  ff.o(i.f_read)
    f_sync                                   0x08005169   Thumb Code   146  ff.o(i.f_sync)
    f_write                                  0x080051fb   Thumb Code   526  ff.o(i.f_write)
    ff_convert                               0x08005409   Thumb Code   116  cc932.o(i.ff_convert)
    ff_wtoupper                              0x08005485   Thumb Code    46  cc932.o(i.ff_wtoupper)
    fputc                                    0x080055f9   Thumb Code    32  usart0.o(i.fputc)
    gen_numname                              0x0800561d   Thumb Code   202  ff.o(i.gen_numname)
    get_1s_Flag                              0x080056e9   Thumb Code     6  timer.o(i.get_1s_Flag)
    get_5ms_Flag                             0x080056f5   Thumb Code     6  timer.o(i.get_5ms_Flag)
    get_LED_state                            0x08005701   Thumb Code     6  usart0.o(i.get_LED_state)
    get_cycle_time                           0x0800570d   Thumb Code     6  key.o(i.get_cycle_time)
    get_fat                                  0x08005719   Thumb Code   228  ff.o(i.get_fat)
    get_fattime                              0x080057fd   Thumb Code     4  diskio.o(i.get_fattime)
    get_is_hide                              0x08005801   Thumb Code     6  usart0.o(i.get_is_hide)
    get_limit                                0x0800580d   Thumb Code     8  configfunction_1.o(i.get_limit)
    get_ratio                                0x08005819   Thumb Code     8  configfunction_1.o(i.get_ratio)
    get_sampling_flag                        0x08005825   Thumb Code     6  usart0.o(i.get_sampling_flag)
    get_wf_limit_i                           0x08005831   Thumb Code     6  configfunction_1.o(i.get_wf_limit_i)
    get_wf_ratio_i                           0x0800583d   Thumb Code     6  configfunction_1.o(i.get_wf_ratio_i)
    gpio_af_set                              0x08005849   Thumb Code    94  gd32f4xx_gpio.o(i.gpio_af_set)
    gpio_bit_reset                           0x080058a7   Thumb Code     4  gd32f4xx_gpio.o(i.gpio_bit_reset)
    gpio_bit_set                             0x080058ab   Thumb Code     4  gd32f4xx_gpio.o(i.gpio_bit_set)
    gpio_bit_toggle                          0x080058af   Thumb Code     4  gd32f4xx_gpio.o(i.gpio_bit_toggle)
    gpio_input_bit_get                       0x08005929   Thumb Code    16  gd32f4xx_gpio.o(i.gpio_input_bit_get)
    gpio_mode_set                            0x08005939   Thumb Code    78  gd32f4xx_gpio.o(i.gpio_mode_set)
    gpio_output_options_set                  0x08005987   Thumb Code    66  gd32f4xx_gpio.o(i.gpio_output_options_set)
    hide_need                                0x080059c9   Thumb Code    48  dataprocess_1.o(i.hide_need)
    hide_to_file                             0x08005a11   Thumb Code   188  function_1.o(i.hide_to_file)
    limit_function                           0x08005af1   Thumb Code    46  configfunction_1.o(i.limit_function)
    log_need                                 0x08005b51   Thumb Code   426  usart0.o(i.log_need)
    log_to_file                              0x08005e85   Thumb Code   128  function_1.o(i.log_to_file)
    main                                     0x08005f11   Thumb Code    14  main.o(i.main)
    nvic_irq_enable                          0x08005fe5   Thumb Code   186  gd32f4xx_misc.o(i.nvic_irq_enable)
    nvic_priority_group_set                  0x080060a9   Thumb Code    10  gd32f4xx_misc.o(i.nvic_priority_group_set)
    overlimit_need                           0x080060bd   Thumb Code    60  dataprocess_1.o(i.overlimit_need)
    overlimit_to_file                        0x08006115   Thumb Code   188  function_1.o(i.overlimit_to_file)
    parse_config_line                        0x080061f5   Thumb Code    96  function_1.o(i.parse_config_line)
    pmu_backup_write_enable                  0x08006261   Thumb Code    14  gd32f4xx_pmu.o(i.pmu_backup_write_enable)
    process_data                             0x08006275   Thumb Code   736  usart0.o(i.process_data)
    put_fat                                  0x08006685   Thumb Code   310  ff.o(i.put_fat)
    ratio_function                           0x08006a75   Thumb Code    46  configfunction_1.o(i.ratio_function)
    raw_to_unix                              0x08006ad5   Thumb Code   346  dataprocess_1.o(i.raw_to_unix)
    rcu_all_reset_flag_clear                 0x08006c45   Thumb Code    14  gd32f4xx_rcu.o(i.rcu_all_reset_flag_clear)
    rcu_clock_freq_get                       0x08006c59   Thumb Code   264  gd32f4xx_rcu.o(i.rcu_clock_freq_get)
    rcu_flag_get                             0x08006da1   Thumb Code    32  gd32f4xx_rcu.o(i.rcu_flag_get)
    rcu_osci_on                              0x08006dc5   Thumb Code    32  gd32f4xx_rcu.o(i.rcu_osci_on)
    rcu_osci_stab_wait                       0x08006de9   Thumb Code   342  gd32f4xx_rcu.o(i.rcu_osci_stab_wait)
    rcu_periph_clock_enable                  0x08006f45   Thumb Code    32  gd32f4xx_rcu.o(i.rcu_periph_clock_enable)
    rcu_periph_reset_disable                 0x08006f69   Thumb Code    32  gd32f4xx_rcu.o(i.rcu_periph_reset_disable)
    rcu_periph_reset_enable                  0x08006f8d   Thumb Code    32  gd32f4xx_rcu.o(i.rcu_periph_reset_enable)
    rcu_rtc_clock_config                     0x08006fb1   Thumb Code    18  gd32f4xx_rcu.o(i.rcu_rtc_clock_config)
    read_config_file                         0x08006fc9   Thumb Code    64  function_1.o(i.read_config_file)
    read_flash                               0x08007019   Thumb Code    20  spi_flash.o(i.read_flash)
    read_flash_long                          0x0800702d   Thumb Code    18  spi_flash.o(i.read_flash_long)
    rtc_current_time_get                     0x080070a9   Thumb Code    96  gd32f4xx_rtc.o(i.rtc_current_time_get)
    rtc_init                                 0x0800710d   Thumb Code   216  gd32f4xx_rtc.o(i.rtc_init)
    rtc_init_mode_enter                      0x080071e9   Thumb Code    66  gd32f4xx_rtc.o(i.rtc_init_mode_enter)
    rtc_init_mode_exit                       0x08007231   Thumb Code    14  gd32f4xx_rtc.o(i.rtc_init_mode_exit)
    rtc_pre_config                           0x08007245   Thumb Code    52  rtc.o(i.rtc_pre_config)
    rtc_register_sync_wait                   0x08007281   Thumb Code    92  gd32f4xx_rtc.o(i.rtc_register_sync_wait)
    rtc_setup                                0x080072e1   Thumb Code   312  rtc.o(i.rtc_setup)
    rtc_show_time                            0x080074f1   Thumb Code   100  rtc.o(i.rtc_show_time)
    sample_need                              0x0800757d   Thumb Code    44  dataprocess_1.o(i.sample_need)
    sample_to_file                           0x080075b5   Thumb Code   188  function_1.o(i.sample_to_file)
    save_flash                               0x08007691   Thumb Code    26  spi_flash.o(i.save_flash)
    scan_key                                 0x080076ad   Thumb Code   144  key.o(i.scan_key)
    sd_block_read                            0x08007799   Thumb Code   500  sdcard.o(i.sd_block_read)
    sd_block_write                           0x080079b1   Thumb Code   760  sdcard.o(i.sd_block_write)
    sd_bus_mode_config                       0x08007cd1   Thumb Code   144  sdcard.o(i.sd_bus_mode_config)
    sd_card_information_get                  0x08007e61   Thumb Code   686  sdcard.o(i.sd_card_information_get)
    sd_card_init                             0x08008121   Thumb Code   268  sdcard.o(i.sd_card_init)
    sd_card_select_deselect                  0x0800823d   Thumb Code    38  sdcard.o(i.sd_card_select_deselect)
    sd_cardstatus_get                        0x0800831d   Thumb Code    66  sdcard.o(i.sd_cardstatus_get)
    sd_init                                  0x0800837d   Thumb Code    70  sdcard.o(i.sd_init)
    sd_interrupts_process                    0x080083c5   Thumb Code   286  sdcard.o(i.sd_interrupts_process)
    sd_multiblocks_read                      0x080084f5   Thumb Code   632  sdcard.o(i.sd_multiblocks_read)
    sd_multiblocks_write                     0x08008791   Thumb Code   878  sdcard.o(i.sd_multiblocks_write)
    sd_power_on                              0x08008b29   Thumb Code   290  sdcard.o(i.sd_power_on)
    sd_transfer_mode_config                  0x08008db1   Thumb Code    20  sdcard.o(i.sd_transfer_mode_config)
    sd_transfer_stop                         0x08008dc9   Thumb Code    36  sdcard.o(i.sd_transfer_stop)
    sdio_bus_mode_set                        0x08008ded   Thumb Code    22  gd32f4xx_sdio.o(i.sdio_bus_mode_set)
    sdio_clock_config                        0x08008e09   Thumb Code    44  gd32f4xx_sdio.o(i.sdio_clock_config)
    sdio_clock_enable                        0x08008e3d   Thumb Code    14  gd32f4xx_sdio.o(i.sdio_clock_enable)
    sdio_command_index_get                   0x08008e51   Thumb Code     8  gd32f4xx_sdio.o(i.sdio_command_index_get)
    sdio_command_response_config             0x08008e5d   Thumb Code    52  gd32f4xx_sdio.o(i.sdio_command_response_config)
    sdio_csm_enable                          0x08008e95   Thumb Code    14  gd32f4xx_sdio.o(i.sdio_csm_enable)
    sdio_data_config                         0x08008ea9   Thumb Code    54  gd32f4xx_sdio.o(i.sdio_data_config)
    sdio_data_read                           0x08008ee5   Thumb Code     6  gd32f4xx_sdio.o(i.sdio_data_read)
    sdio_data_transfer_config                0x08008ef1   Thumb Code    24  gd32f4xx_sdio.o(i.sdio_data_transfer_config)
    sdio_data_write                          0x08008f0d   Thumb Code     6  gd32f4xx_sdio.o(i.sdio_data_write)
    sdio_deinit                              0x08008f19   Thumb Code    20  gd32f4xx_sdio.o(i.sdio_deinit)
    sdio_dma_disable                         0x08008f2d   Thumb Code    14  gd32f4xx_sdio.o(i.sdio_dma_disable)
    sdio_dma_enable                          0x08008f41   Thumb Code    14  gd32f4xx_sdio.o(i.sdio_dma_enable)
    sdio_dsm_disable                         0x08008f55   Thumb Code    14  gd32f4xx_sdio.o(i.sdio_dsm_disable)
    sdio_dsm_enable                          0x08008f69   Thumb Code    14  gd32f4xx_sdio.o(i.sdio_dsm_enable)
    sdio_flag_clear                          0x08008f7d   Thumb Code     6  gd32f4xx_sdio.o(i.sdio_flag_clear)
    sdio_flag_get                            0x08008f89   Thumb Code    16  gd32f4xx_sdio.o(i.sdio_flag_get)
    sdio_hardware_clock_disable              0x08008f9d   Thumb Code    14  gd32f4xx_sdio.o(i.sdio_hardware_clock_disable)
    sdio_interrupt_disable                   0x08008fb1   Thumb Code    12  gd32f4xx_sdio.o(i.sdio_interrupt_disable)
    sdio_interrupt_enable                    0x08008fc1   Thumb Code    12  gd32f4xx_sdio.o(i.sdio_interrupt_enable)
    sdio_interrupt_flag_clear                0x08008fd1   Thumb Code     6  gd32f4xx_sdio.o(i.sdio_interrupt_flag_clear)
    sdio_interrupt_flag_get                  0x08008fdd   Thumb Code    16  gd32f4xx_sdio.o(i.sdio_interrupt_flag_get)
    sdio_power_state_get                     0x08008ff1   Thumb Code     6  gd32f4xx_sdio.o(i.sdio_power_state_get)
    sdio_power_state_set                     0x08008ffd   Thumb Code     6  gd32f4xx_sdio.o(i.sdio_power_state_set)
    sdio_response_get                        0x08009009   Thumb Code    56  gd32f4xx_sdio.o(i.sdio_response_get)
    sdio_wait_type_set                       0x08009045   Thumb Code    22  gd32f4xx_sdio.o(i.sdio_wait_type_set)
    set_command_from                         0x08009061   Thumb Code     6  usart0.o(i.set_command_from)
    set_command_type                         0x0800906d   Thumb Code     6  usart0.o(i.set_command_type)
    set_cycle_time                           0x08009079   Thumb Code     6  key.o(i.set_cycle_time)
    set_limit                                0x08009085   Thumb Code     8  configfunction_1.o(i.set_limit)
    set_log_log_flag                         0x08009091   Thumb Code     8  function_1.o(i.set_log_log_flag)
    set_ratio                                0x0800909d   Thumb Code     8  configfunction_1.o(i.set_ratio)
    set_wf_limit_i                           0x080090a9   Thumb Code     6  configfunction_1.o(i.set_wf_limit_i)
    set_wf_ratio_i                           0x080090b5   Thumb Code     6  configfunction_1.o(i.set_wf_ratio_i)
    spi_enable                               0x080090c1   Thumb Code    10  gd32f4xx_spi.o(i.spi_enable)
    spi_flash_buffer_read                    0x080090cd   Thumb Code    80  spi_flash.o(i.spi_flash_buffer_read)
    spi_flash_buffer_write                   0x08009121   Thumb Code   198  spi_flash.o(i.spi_flash_buffer_write)
    spi_flash_init                           0x080091e9   Thumb Code   146  spi_flash.o(i.spi_flash_init)
    spi_flash_page_write                     0x08009285   Thumb Code    86  spi_flash.o(i.spi_flash_page_write)
    spi_flash_read_id                        0x080092e1   Thumb Code    78  spi_flash.o(i.spi_flash_read_id)
    spi_flash_sector_erase                   0x08009335   Thumb Code    62  spi_flash.o(i.spi_flash_sector_erase)
    spi_flash_send_byte                      0x08009379   Thumb Code    50  spi_flash.o(i.spi_flash_send_byte)
    spi_flash_wait_for_write_end             0x080093b1   Thumb Code    50  spi_flash.o(i.spi_flash_wait_for_write_end)
    spi_flash_write_enable                   0x080093e9   Thumb Code    30  spi_flash.o(i.spi_flash_write_enable)
    spi_i2s_data_receive                     0x0800940d   Thumb Code     8  gd32f4xx_spi.o(i.spi_i2s_data_receive)
    spi_i2s_data_transmit                    0x08009415   Thumb Code     4  gd32f4xx_spi.o(i.spi_i2s_data_transmit)
    spi_i2s_flag_get                         0x08009419   Thumb Code    16  gd32f4xx_spi.o(i.spi_i2s_flag_get)
    spi_init                                 0x08009429   Thumb Code    50  gd32f4xx_spi.o(i.spi_init)
    start_function                           0x0800945d   Thumb Code    44  usart0.o(i.start_function)
    stop_function                            0x080094c1   Thumb Code    42  usart0.o(i.stop_function)
    syscfg_exti_line_config                  0x0800960d   Thumb Code   166  gd32f4xx_syscfg.o(i.syscfg_exti_line_config)
    systick_config                           0x080097c9   Thumb Code    74  systick.o(i.systick_config)
    test_function                            0x08009819   Thumb Code   250  testfunction_1.o(i.test_function)
    timer_deinit                             0x08009a0d   Thumb Code   374  gd32f4xx_timer.o(i.timer_deinit)
    timer_enable                             0x08009b91   Thumb Code    10  gd32f4xx_timer.o(i.timer_enable)
    timer_init                               0x08009b9d   Thumb Code   122  gd32f4xx_timer.o(i.timer_init)
    timer_interrupt_enable                   0x08009c35   Thumb Code     8  gd32f4xx_timer.o(i.timer_interrupt_enable)
    timer_interrupt_flag_clear               0x08009c3d   Thumb Code     6  gd32f4xx_timer.o(i.timer_interrupt_flag_clear)
    timer_interrupt_flag_get                 0x08009c43   Thumb Code    24  gd32f4xx_timer.o(i.timer_interrupt_flag_get)
    timer_struct_para_init                   0x08009c5b   Thumb Code    22  gd32f4xx_timer.o(i.timer_struct_para_init)
    uart_receive_string                      0x08009c71   Thumb Code    70  usart0.o(i.uart_receive_string)
    usart_baudrate_set                       0x08009cbd   Thumb Code   224  gd32f4xx_usart.o(i.usart_baudrate_set)
    usart_data_receive                       0x08009da5   Thumb Code    10  gd32f4xx_usart.o(i.usart_data_receive)
    usart_data_transmit                      0x08009daf   Thumb Code     8  gd32f4xx_usart.o(i.usart_data_transmit)
    usart_deinit                             0x08009db9   Thumb Code   210  gd32f4xx_usart.o(i.usart_deinit)
    usart_enable                             0x08009e95   Thumb Code    10  gd32f4xx_usart.o(i.usart_enable)
    usart_flag_get                           0x08009e9f   Thumb Code    30  gd32f4xx_usart.o(i.usart_flag_get)
    usart_flush_rx                           0x08009ebd   Thumb Code    44  usart0.o(i.usart_flush_rx)
    usart_hardware_flow_cts_config           0x08009eed   Thumb Code    20  gd32f4xx_usart.o(i.usart_hardware_flow_cts_config)
    usart_hardware_flow_rts_config           0x08009f01   Thumb Code    20  gd32f4xx_usart.o(i.usart_hardware_flow_rts_config)
    usart_interrupt_disable                  0x08009f15   Thumb Code    26  gd32f4xx_usart.o(i.usart_interrupt_disable)
    usart_interrupt_enable                   0x08009f2f   Thumb Code    26  gd32f4xx_usart.o(i.usart_interrupt_enable)
    usart_interrupt_flag_clear               0x08009f49   Thumb Code    26  gd32f4xx_usart.o(i.usart_interrupt_flag_clear)
    usart_interrupt_flag_get                 0x08009f63   Thumb Code    56  gd32f4xx_usart.o(i.usart_interrupt_flag_get)
    usart_parity_config                      0x08009f9b   Thumb Code    16  gd32f4xx_usart.o(i.usart_parity_config)
    usart_read_config                        0x08009fad   Thumb Code   108  function_1.o(i.usart_read_config)
    usart_receive_config                     0x0800a049   Thumb Code    16  gd32f4xx_usart.o(i.usart_receive_config)
    usart_stop_bit_set                       0x0800a059   Thumb Code    16  gd32f4xx_usart.o(i.usart_stop_bit_set)
    usart_transmit_config                    0x0800a069   Thumb Code    16  gd32f4xx_usart.o(i.usart_transmit_config)
    usart_word_length_set                    0x0800a079   Thumb Code    16  gd32f4xx_usart.o(i.usart_word_length_set)
    F6x8                                     0x0800a0b2   Data         552  oled.o(.constdata)
    F8X16                                    0x0800a2da   Data        1520  oled.o(.constdata)
    asc2_1206                                0x0800a8ca   Data        1140  oled.o(.constdata)
    asc2_1608                                0x0800ad3e   Data        1520  oled.o(.constdata)
    asc2_2412                                0x0800b32e   Data        3420  oled.o(.constdata)
    __ctype_table                            0x0801ab62   Data         129  ctype_o.o(.constdata)
    Region$$Table$$Base                      0x0801abe8   Number         0  anon$$obj.o(Region$$Table)
    Region$$Table$$Limit                     0x0801ac08   Number         0  anon$$obj.o(Region$$Table)
    sd_scr                                   0x20000008   Data           8  sdcard.o(.data)
    prescaler_a                              0x2000002c   Data           4  rtc.o(.data)
    prescaler_s                              0x20000030   Data           4  rtc.o(.data)
    RTCSRC_FLAG                              0x20000034   Data           4  rtc.o(.data)
    rx_index                                 0x2000003f   Data           1  usart0.o(.data)
    sampling_flag                            0x20000040   Data           1  usart0.o(.data)
    SystemCoreClock                          0x20000048   Data           4  system_gd32f4xx.o(.data)
    log_sample_flag                          0x20000064   Data           1  dataprocess_1.o(.data)
    log_overlimit_flag                       0x20000065   Data           1  dataprocess_1.o(.data)
    log_hide_flag                            0x20000066   Data           1  dataprocess_1.o(.data)
    log_log_flag                             0x20000067   Data           1  dataprocess_1.o(.data)
    flash_id                                 0x20000074   Data           4  function_1.o(.data)
    i                                        0x20000078   Data           2  function_1.o(.data)
    count                                    0x2000007a   Data           2  function_1.o(.data)
    result                                   0x2000007c   Data           2  function_1.o(.data)
    is_successful                            0x2000007e   Data           1  function_1.o(.data)
    br                                       0x20000080   Data           4  function_1.o(.data)
    bw                                       0x20000084   Data           4  function_1.o(.data)
    write_sample_folder_path                 0x2000008c   Data          21  function_1.o(.data)
    write_sample_time                        0x200000a1   Data          30  function_1.o(.data)
    write_sample_sample                      0x200000bf   Data          50  function_1.o(.data)
    write_overlimit_folder_path              0x200000f1   Data          27  function_1.o(.data)
    write_overlimit_time                     0x2000010c   Data          30  function_1.o(.data)
    write_overlimit_sample                   0x2000012a   Data          50  function_1.o(.data)
    write_hide_folder_path                   0x2000015c   Data          21  function_1.o(.data)
    write_hide_time                          0x20000171   Data          30  function_1.o(.data)
    write_hide_sample                        0x2000018f   Data          80  function_1.o(.data)
    write_log_sample                         0x200001df   Data          80  function_1.o(.data)
    __stdout                                 0x20000234   Data           4  stdout.o(.data)
    OLED_GRAM                                0x2000025c   Data         576  oled.o(.bss)
    rtc_initpara                             0x2000049c   Data          20  rtc.o(.bss)
    rtc_alarm                                0x200004b0   Data          16  rtc.o(.bss)
    time                                     0x200004c0   Data          24  rtc.o(.bss)
    rx_buffer                                0x200004d8   Data         100  usart0.o(.bss)
    final_data                               0x2000073c   Data           9  dataprocess_1.o(.bss)
    rtc_data                                 0x20000784   Data          20  dataprocess_1.o(.bss)
    tx_buffer                                0x200007b8   Data         256  function_1.o(.bss)
    fdst                                     0x200008b8   Data          36  function_1.o(.bss)
    fs                                       0x200008dc   Data         564  function_1.o(.bss)
    buffer                                   0x20000b10   Data         128  function_1.o(.bss)
    filebuffer                               0x20000b90   Data         128  function_1.o(.bss)
    write_sample_name_time                   0x20000c50   Data          30  function_1.o(.bss)
    write_overlimit_name_time                0x20000cae   Data          30  function_1.o(.bss)
    write_hide_name_time                     0x20000d0c   Data          30  function_1.o(.bss)
    write_log_file_path                      0x20000d2a   Data          64  function_1.o(.bss)
    __initial_sp                             0x20001170   Data           0  startup_gd32f450_470.o(STACK)



==============================================================================

Memory Map of the image

  Image Entry point : 0x080001ad

  Load Region LR_IROM1 (Base: 0x08000000, Size: 0x0001ae44, Max: 0x00080000, ABSOLUTE, COMPRESSED[0x0001ac54])

    Execution Region ER_IROM1 (Base: 0x08000000, Size: 0x0001ac08, Max: 0x00080000, ABSOLUTE)

    Base Addr    Size         Type   Attr      Idx    E Section Name        Object

    0x08000000   0x000001ac   Data   RO         6733    RESET               startup_gd32f450_470.o
    0x080001ac   0x00000000   Code   RO         7402  * .ARM.Collect$$$$00000000  mc_w.l(entry.o)
    0x080001ac   0x00000004   Code   RO         7704    .ARM.Collect$$$$00000001  mc_w.l(entry2.o)
    0x080001b0   0x00000004   Code   RO         7707    .ARM.Collect$$$$00000004  mc_w.l(entry5.o)
    0x080001b4   0x00000000   Code   RO         7709    .ARM.Collect$$$$00000008  mc_w.l(entry7b.o)
    0x080001b4   0x00000000   Code   RO         7711    .ARM.Collect$$$$0000000A  mc_w.l(entry8b.o)
    0x080001b4   0x00000008   Code   RO         7712    .ARM.Collect$$$$0000000B  mc_w.l(entry9a.o)
    0x080001bc   0x00000000   Code   RO         7714    .ARM.Collect$$$$0000000D  mc_w.l(entry10a.o)
    0x080001bc   0x00000000   Code   RO         7716    .ARM.Collect$$$$0000000F  mc_w.l(entry11a.o)
    0x080001bc   0x00000004   Code   RO         7705    .ARM.Collect$$$$00002712  mc_w.l(entry2.o)
    0x080001c0   0x00000024   Code   RO         6734    .text               startup_gd32f450_470.o
    0x080001e4   0x00000024   Code   RO         7405    .text               mc_w.l(memcpya.o)
    0x08000208   0x00000024   Code   RO         7407    .text               mc_w.l(memseta.o)
    0x0800022c   0x0000000e   Code   RO         7409    .text               mc_w.l(strlen.o)
    0x0800023a   0x0000001c   Code   RO         7411    .text               mc_w.l(strcmp.o)
    0x08000256   0x00000002   PAD
    0x08000258   0x00000038   Code   RO         7682    .text               mc_w.l(__0sscanf.o)
    0x08000290   0x0000014c   Code   RO         7684    .text               mc_w.l(_scanf_int.o)
    0x080003dc   0x000000e0   Code   RO         7686    .text               mc_w.l(_scanf_str.o)
    0x080004bc   0x00000338   Code   RO         7688    .text               mc_w.l(scanf_fp.o)
    0x080007f4   0x000000e4   Code   RO         7694    .text               mf_w.l(dmul.o)
    0x080008d8   0x000000de   Code   RO         7696    .text               mf_w.l(ddiv.o)
    0x080009b6   0x0000001a   Code   RO         7698    .text               mf_w.l(dfltui.o)
    0x080009d0   0x00000026   Code   RO         7700    .text               mf_w.l(f2d.o)
    0x080009f6   0x00000038   Code   RO         7702    .text               mf_w.l(d2f.o)
    0x08000a2e   0x0000002c   Code   RO         7719    .text               mc_w.l(uidiv.o)
    0x08000a5a   0x00000062   Code   RO         7721    .text               mc_w.l(uldiv.o)
    0x08000abc   0x0000001c   Code   RO         7730    .text               mc_w.l(_chval.o)
    0x08000ad8   0x00000028   Code   RO         7732    .text               mc_w.l(scanf_char.o)
    0x08000b00   0x00000040   Code   RO         7734    .text               mc_w.l(_sgetc.o)
    0x08000b40   0x0000009c   Code   RO         7736    .text               mc_w.l(strtod.o)
    0x08000bdc   0x00000000   Code   RO         7740    .text               mc_w.l(iusefp.o)
    0x08000bdc   0x0000006e   Code   RO         7741    .text               mf_w.l(fepilogue.o)
    0x08000c4a   0x000000ba   Code   RO         7743    .text               mf_w.l(depilogue.o)
    0x08000d04   0x0000014e   Code   RO         7745    .text               mf_w.l(dadd.o)
    0x08000e52   0x00000018   Code   RO         7747    .text               mf_w.l(dfltul.o)
    0x08000e6a   0x00000030   Code   RO         7749    .text               mf_w.l(dfixul.o)
    0x08000e9a   0x00000002   PAD
    0x08000e9c   0x00000030   Code   RO         7751    .text               mf_w.l(cdrcmple.o)
    0x08000ecc   0x00000024   Code   RO         7753    .text               mc_w.l(init.o)
    0x08000ef0   0x0000001e   Code   RO         7755    .text               mc_w.l(llshl.o)
    0x08000f0e   0x00000020   Code   RO         7757    .text               mc_w.l(llushr.o)
    0x08000f2e   0x00000024   Code   RO         7759    .text               mc_w.l(llsshr.o)
    0x08000f52   0x00000002   PAD
    0x08000f54   0x00000008   Code   RO         7763    .text               mc_w.l(ctype_o.o)
    0x08000f5c   0x00000012   Code   RO         7785    .text               mc_w.l(isspace_o.o)
    0x08000f6e   0x00000002   PAD
    0x08000f70   0x0000032c   Code   RO         7791    .text               mc_w.l(_scanf.o)
    0x0800129c   0x00000056   Code   RO         7806    .text               mc_w.l(__dczerorl2.o)
    0x080012f2   0x00000002   PAD
    0x080012f4   0x0000005c   Code   RO         1185    i.ADC_Init          adc.o
    0x08001350   0x0000003c   Code   RO         1186    i.ADC_port_init     adc.o
    0x0800138c   0x00000004   Code   RO            3    i.BusFault_Handler  gd32f4xx_it.o
    0x08001390   0x00000052   Code   RO          944    i.ConfigTimer1      timer.o
    0x080013e2   0x00000002   PAD
    0x080013e4   0x00000050   Code   RO          945    i.ConfigTimer4      timer.o
    0x08001434   0x000004a0   Code   RO         7211    i.DataProcess       dataprocess_1.o
    0x080018d4   0x00000002   Code   RO            4    i.DebugMon_Handler  gd32f4xx_it.o
    0x080018d6   0x00000002   PAD
    0x080018d8   0x00000060   Code   RO         1012    i.EXTI3_IRQHandler  key.o
    0x08001938   0x0000002e   Code   RO         1013    i.EXTI_PIN_Init     key.o
    0x08001966   0x00000002   PAD
    0x08001968   0x000000d8   Code   RO         7259    i.Get_RTC_DateTimeString  function_1.o
    0x08001a40   0x000000d4   Code   RO         7260    i.Get_RTC_DateTimeString_without  function_1.o
    0x08001b14   0x00000004   Code   RO            5    i.HardFault_Handler  gd32f4xx_it.o
    0x08001b18   0x00000058   Code   RO          575    i.I2C_Start         oled.o
    0x08001b70   0x00000048   Code   RO          576    i.I2C_Stop          oled.o
    0x08001bb8   0x00000078   Code   RO          577    i.I2C_WaitAck       oled.o
    0x08001c30   0x00000010   Code   RO          578    i.IIC_delay         oled.o
    0x08001c40   0x00000018   Code   RO          946    i.InitTimer         timer.o
    0x08001c58   0x00000040   Code   RO         1014    i.KEY_Init          key.o
    0x08001c98   0x00000036   Code   RO         1015    i.KEY_Stat          key.o
    0x08001cce   0x00000002   PAD
    0x08001cd0   0x00000034   Code   RO          329    i.LED_Flicker       led.o
    0x08001d04   0x00000050   Code   RO          330    i.LED_Init          led.o
    0x08001d54   0x00000004   Code   RO            6    i.MemManage_Handler  gd32f4xx_it.o
    0x08001d58   0x00000002   Code   RO            7    i.NMI_Handler       gd32f4xx_it.o
    0x08001d5a   0x00000002   PAD
    0x08001d5c   0x00000028   Code   RO          286    i.NVIC_SetPriority  systick.o
    0x08001d84   0x00000030   Code   RO          579    i.OLED_Clear        oled.o
    0x08001db4   0x00000060   Code   RO          580    i.OLED_ClearPoint   oled.o
    0x08001e14   0x0000003c   Code   RO          587    i.OLED_DrawPoint    oled.o
    0x08001e50   0x00000148   Code   RO          588    i.OLED_Init         oled.o
    0x08001f98   0x0000004c   Code   RO          590    i.OLED_Refresh      oled.o
    0x08001fe4   0x000000fc   Code   RO          592    i.OLED_ShowChar     oled.o
    0x080020e0   0x00000042   Code   RO          596    i.OLED_ShowString   oled.o
    0x08002122   0x00000038   Code   RO          598    i.OLED_WR_Byte      oled.o
    0x0800215a   0x00000002   Code   RO            8    i.PendSV_Handler    gd32f4xx_it.o
    0x0800215c   0x00000130   Code   RO         7261    i.Proc1SecTask      function_1.o
    0x0800228c   0x00000040   Code   RO         7262    i.Proc5msTask       function_1.o
    0x080022cc   0x0000005c   Code   RO          750    i.RTC_Init          rtc.o
    0x08002328   0x00000008   Code   RO            9    i.SDIO_IRQHandler   gd32f4xx_it.o
    0x08002330   0x00000002   Code   RO           10    i.SVC_Handler       gd32f4xx_it.o
    0x08002332   0x00000002   PAD
    0x08002334   0x0000005c   Code   RO          599    i.Send_Byte         oled.o
    0x08002390   0x00000008   Code   RO           11    i.SysTick_Handler   gd32f4xx_it.o
    0x08002398   0x000000d4   Code   RO         1212    i.SystemInit        system_gd32f4xx.o
    0x0800246c   0x00000058   Code   RO         7263    i.System_Init       function_1.o
    0x080024c4   0x00000018   Code   RO         7367    i.TF_Card_IsPresent  testfunction_1.o
    0x080024dc   0x00000040   Code   RO          947    i.TIMER1_IRQHandler  timer.o
    0x0800251c   0x00000048   Code   RO          948    i.TIMER4_IRQHandler  timer.o
    0x08002564   0x000000c4   Code   RO         1073    i.USART0_Config     usart0.o
    0x08002628   0x00000070   Code   RO         1074    i.USART0_IRQHandler  usart0.o
    0x08002698   0x00000004   Code   RO           12    i.UsageFault_Handler  gd32f4xx_it.o
    0x0800269c   0x000002a0   Code   RO         7264    i.UsrFunction       function_1.o
    0x0800293c   0x00000020   Code   RO         7654    i.__0printf         mc_w.l(printfa.o)
    0x0800295c   0x00000028   Code   RO         7655    i.__0snprintf       mc_w.l(printfa.o)
    0x08002984   0x00000028   Code   RO         7656    i.__0sprintf        mc_w.l(printfa.o)
    0x080029ac   0x00000004   PAD
    0x080029b0   0x00000038   Code   RO         7396    i.__hardfp_atof     m_wm.l(atof.o)
    0x080029e8   0x0000000c   Code   RO         7724    i.__read_errno      mc_w.l(errno.o)
    0x080029f4   0x0000000e   Code   RO         7800    i.__scatterload_copy  mc_w.l(handlers.o)
    0x08002a02   0x00000002   Code   RO         7801    i.__scatterload_null  mc_w.l(handlers.o)
    0x08002a04   0x0000000e   Code   RO         7802    i.__scatterload_zeroinit  mc_w.l(handlers.o)
    0x08002a12   0x00000002   PAD
    0x08002a14   0x0000000c   Code   RO         7725    i.__set_errno       mc_w.l(errno.o)
    0x08002a20   0x00000164   Code   RO         7661    i._fp_digits        mc_w.l(printfa.o)
    0x08002b84   0x0000000e   Code   RO         7690    i._is_digit         mc_w.l(scanf_fp.o)
    0x08002b92   0x00000002   PAD
    0x08002b94   0x000006dc   Code   RO         7662    i._printf_core      mc_w.l(printfa.o)
    0x08003270   0x00000024   Code   RO         7663    i._printf_post_padding  mc_w.l(printfa.o)
    0x08003294   0x0000002e   Code   RO         7664    i._printf_pre_padding  mc_w.l(printfa.o)
    0x080032c2   0x00000016   Code   RO         7665    i._snputc           mc_w.l(printfa.o)
    0x080032d8   0x0000000a   Code   RO         7666    i._sputc            mc_w.l(printfa.o)
    0x080032e2   0x0000002a   Code   RO         1253    i.adc_calibration_enable  gd32f4xx_adc.o
    0x0800330c   0x00000052   Code   RO         1255    i.adc_channel_length_config  gd32f4xx_adc.o
    0x0800335e   0x00000002   PAD
    0x08003360   0x00000024   Code   RO         1256    i.adc_clock_config  gd32f4xx_adc.o
    0x08003384   0x00000016   Code   RO         1257    i.adc_data_alignment_config  gd32f4xx_adc.o
    0x0800339a   0x00000014   Code   RO         1258    i.adc_deinit        gd32f4xx_adc.o
    0x080033ae   0x00000012   Code   RO         1265    i.adc_enable        gd32f4xx_adc.o
    0x080033c0   0x00000034   Code   RO         1267    i.adc_external_trigger_config  gd32f4xx_adc.o
    0x080033f4   0x00000030   Code   RO         1268    i.adc_external_trigger_source_config  gd32f4xx_adc.o
    0x08003424   0x00000008   Code   RO         1269    i.adc_flag_clear    gd32f4xx_adc.o
    0x0800342c   0x0000000e   Code   RO         1270    i.adc_flag_get      gd32f4xx_adc.o
    0x0800343a   0x000000ac   Code   RO         1283    i.adc_routine_channel_config  gd32f4xx_adc.o
    0x080034e6   0x00000024   Code   RO         1286    i.adc_software_trigger_enable  gd32f4xx_adc.o
    0x0800350a   0x0000005a   Code   RO         1287    i.adc_special_function_config  gd32f4xx_adc.o
    0x08003564   0x00000016   Code   RO          751    i.bcd_to_byte       rtc.o
    0x0800357a   0x0000001a   Code   RO          752    i.byte_to_bcd       rtc.o
    0x08003594   0x00000090   Code   RO         6788    i.check_fs          ff.o
    0x08003624   0x00000014   Code   RO         6789    i.chk_chr           ff.o
    0x08003638   0x0000039c   Code   RO         6790    i.chk_mounted       ff.o
    0x080039d4   0x0000000c   Code   RO          949    i.clear_1s_flag     timer.o
    0x080039e0   0x0000000c   Code   RO          950    i.clear_5ms_flag    timer.o
    0x080039ec   0x0000001a   Code   RO         6791    i.clust2sect        ff.o
    0x08003a06   0x00000002   PAD
    0x08003a08   0x00000030   Code   RO          356    i.cmdsent_error_check  sdcard.o
    0x08003a38   0x00000090   Code   RO         6792    i.cmp_lfn           ff.o
    0x08003ac8   0x00000008   Code   RO         7117    i.conf_function     configfunction_1.o
    0x08003ad0   0x00000094   Code   RO         7118    i.config_read_function  configfunction_1.o
    0x08003b64   0x000000a0   Code   RO         7119    i.config_save_function  configfunction_1.o
    0x08003c04   0x000000ca   Code   RO         6793    i.create_chain      ff.o
    0x08003cce   0x00000014   Code   RO         7265    i.create_folder     function_1.o
    0x08003ce2   0x00000002   PAD
    0x08003ce4   0x000002e4   Code   RO         6794    i.create_name       ff.o
    0x08003fc8   0x00000014   Code   RO          287    i.delay_1ms         systick.o
    0x08003fdc   0x00000018   Code   RO          288    i.delay_decrement   systick.o
    0x08003ff4   0x000000de   Code   RO         6795    i.dir_find          ff.o
    0x080040d2   0x00000118   Code   RO         6796    i.dir_next          ff.o
    0x080041ea   0x00000198   Code   RO         6798    i.dir_register      ff.o
    0x08004382   0x0000009c   Code   RO         6800    i.dir_sdi           ff.o
    0x0800441e   0x00000086   Code   RO         6740    i.disk_initialize   diskio.o
    0x080044a4   0x00000006   Code   RO         6741    i.disk_ioctl        diskio.o
    0x080044aa   0x00000050   Code   RO         6742    i.disk_read         diskio.o
    0x080044fa   0x0000000c   Code   RO         6743    i.disk_status       diskio.o
    0x08004506   0x00000050   Code   RO         6744    i.disk_write        diskio.o
    0x08004556   0x00000020   Code   RO         2293    i.dma_channel_disable  gd32f4xx_dma.o
    0x08004576   0x00000020   Code   RO         2294    i.dma_channel_enable  gd32f4xx_dma.o
    0x08004596   0x00000026   Code   RO         2295    i.dma_channel_subperipheral_select  gd32f4xx_dma.o
    0x080045bc   0x000000a6   Code   RO         2298    i.dma_deinit        gd32f4xx_dma.o
    0x08004662   0x0000003e   Code   RO         2300    i.dma_flag_clear    gd32f4xx_dma.o
    0x080046a0   0x0000004c   Code   RO         2301    i.dma_flag_get      gd32f4xx_dma.o
    0x080046ec   0x00000040   Code   RO         2302    i.dma_flow_controller_config  gd32f4xx_dma.o
    0x0800472c   0x00000164   Code   RO         2311    i.dma_multi_data_mode_init  gd32f4xx_dma.o
    0x08004890   0x000000b4   Code   RO          357    i.dma_receive_config  sdcard.o
    0x08004944   0x000000b4   Code   RO          358    i.dma_transfer_config  sdcard.o
    0x080049f8   0x000000bc   Code   RO         3321    i.exti_init         gd32f4xx_exti.o
    0x08004ab4   0x0000000c   Code   RO         3324    i.exti_interrupt_flag_clear  gd32f4xx_exti.o
    0x08004ac0   0x00000018   Code   RO         3325    i.exti_interrupt_flag_get  gd32f4xx_exti.o
    0x08004ad8   0x00000016   Code   RO         6804    i.f_close           ff.o
    0x08004aee   0x0000004e   Code   RO         6806    i.f_gets            ff.o
    0x08004b3c   0x00000164   Code   RO         6807    i.f_lseek           ff.o
    0x08004ca0   0x00000198   Code   RO         6808    i.f_mkdir           ff.o
    0x08004e38   0x0000002c   Code   RO         6809    i.f_mount           ff.o
    0x08004e64   0x00000174   Code   RO         6810    i.f_open            ff.o
    0x08004fd8   0x00000190   Code   RO         6815    i.f_read            ff.o
    0x08005168   0x00000092   Code   RO         6819    i.f_sync            ff.o
    0x080051fa   0x0000020e   Code   RO         6823    i.f_write           ff.o
    0x08005408   0x0000007c   Code   RO         7086    i.ff_convert        cc932.o
    0x08005484   0x00000038   Code   RO         7087    i.ff_wtoupper       cc932.o
    0x080054bc   0x00000080   Code   RO         6824    i.fit_lfn           ff.o
    0x0800553c   0x000000ba   Code   RO         6825    i.follow_path       ff.o
    0x080055f6   0x00000002   PAD
    0x080055f8   0x00000024   Code   RO         1076    i.fputc             usart0.o
    0x0800561c   0x000000ca   Code   RO         6826    i.gen_numname       ff.o
    0x080056e6   0x00000002   PAD
    0x080056e8   0x0000000c   Code   RO          951    i.get_1s_Flag       timer.o
    0x080056f4   0x0000000c   Code   RO          952    i.get_5ms_Flag      timer.o
    0x08005700   0x0000000c   Code   RO         1077    i.get_LED_state     usart0.o
    0x0800570c   0x0000000c   Code   RO         1016    i.get_cycle_time    key.o
    0x08005718   0x000000e4   Code   RO         6827    i.get_fat           ff.o
    0x080057fc   0x00000004   Code   RO         6745    i.get_fattime       diskio.o
    0x08005800   0x0000000c   Code   RO         1078    i.get_is_hide       usart0.o
    0x0800580c   0x0000000c   Code   RO         7120    i.get_limit         configfunction_1.o
    0x08005818   0x0000000c   Code   RO         7121    i.get_ratio         configfunction_1.o
    0x08005824   0x0000000c   Code   RO         1079    i.get_sampling_flag  usart0.o
    0x08005830   0x0000000c   Code   RO         7122    i.get_wf_limit_i    configfunction_1.o
    0x0800583c   0x0000000c   Code   RO         7123    i.get_wf_ratio_i    configfunction_1.o
    0x08005848   0x0000005e   Code   RO         3712    i.gpio_af_set       gd32f4xx_gpio.o
    0x080058a6   0x00000004   Code   RO         3713    i.gpio_bit_reset    gd32f4xx_gpio.o
    0x080058aa   0x00000004   Code   RO         3714    i.gpio_bit_set      gd32f4xx_gpio.o
    0x080058ae   0x00000004   Code   RO         3715    i.gpio_bit_toggle   gd32f4xx_gpio.o
    0x080058b2   0x00000002   PAD
    0x080058b4   0x00000074   Code   RO          359    i.gpio_config       sdcard.o
    0x08005928   0x00000010   Code   RO         3718    i.gpio_input_bit_get  gd32f4xx_gpio.o
    0x08005938   0x0000004e   Code   RO         3720    i.gpio_mode_set     gd32f4xx_gpio.o
    0x08005986   0x00000042   Code   RO         3722    i.gpio_output_options_set  gd32f4xx_gpio.o
    0x080059c8   0x00000048   Code   RO         7212    i.hide_need         dataprocess_1.o
    0x08005a10   0x000000e0   Code   RO         7266    i.hide_to_file      function_1.o
    0x08005af0   0x00000060   Code   RO         7124    i.limit_function    configfunction_1.o
    0x08005b50   0x00000334   Code   RO         1080    i.log_need          usart0.o
    0x08005e84   0x0000008c   Code   RO         7267    i.log_to_file       function_1.o
    0x08005f10   0x0000000e   Code   RO          206    i.main              main.o
    0x08005f1e   0x00000026   Code   RO         6829    i.mem_cmp           ff.o
    0x08005f44   0x0000001a   Code   RO         6830    i.mem_cpy           ff.o
    0x08005f5e   0x00000014   Code   RO         6831    i.mem_set           ff.o
    0x08005f72   0x00000072   Code   RO         6832    i.move_window       ff.o
    0x08005fe4   0x000000c4   Code   RO         4285    i.nvic_irq_enable   gd32f4xx_misc.o
    0x080060a8   0x00000014   Code   RO         4286    i.nvic_priority_group_set  gd32f4xx_misc.o
    0x080060bc   0x00000058   Code   RO         7213    i.overlimit_need    dataprocess_1.o
    0x08006114   0x000000e0   Code   RO         7268    i.overlimit_to_file  function_1.o
    0x080061f4   0x0000006c   Code   RO         7269    i.parse_config_line  function_1.o
    0x08006260   0x00000014   Code   RO         4342    i.pmu_backup_write_enable  gd32f4xx_pmu.o
    0x08006274   0x00000410   Code   RO         1081    i.process_data      usart0.o
    0x08006684   0x00000136   Code   RO         6834    i.put_fat           ff.o
    0x080067ba   0x00000002   PAD
    0x080067bc   0x00000084   Code   RO          360    i.r1_error_check    sdcard.o
    0x08006840   0x000000ae   Code   RO          361    i.r1_error_type_check  sdcard.o
    0x080068ee   0x00000002   PAD
    0x080068f0   0x00000050   Code   RO          362    i.r2_error_check    sdcard.o
    0x08006940   0x0000003c   Code   RO          363    i.r3_error_check    sdcard.o
    0x0800697c   0x000000a8   Code   RO          364    i.r6_error_check    sdcard.o
    0x08006a24   0x00000050   Code   RO          365    i.r7_error_check    sdcard.o
    0x08006a74   0x00000060   Code   RO         7125    i.ratio_function    configfunction_1.o
    0x08006ad4   0x00000170   Code   RO         7214    i.raw_to_unix       dataprocess_1.o
    0x08006c44   0x00000014   Code   RO         4482    i.rcu_all_reset_flag_clear  gd32f4xx_rcu.o
    0x08006c58   0x00000124   Code   RO         4490    i.rcu_clock_freq_get  gd32f4xx_rcu.o
    0x08006d7c   0x00000024   Code   RO          366    i.rcu_config        sdcard.o
    0x08006da0   0x00000024   Code   RO         4493    i.rcu_flag_get      gd32f4xx_rcu.o
    0x08006dc4   0x00000024   Code   RO         4506    i.rcu_osci_on       gd32f4xx_rcu.o
    0x08006de8   0x0000015c   Code   RO         4507    i.rcu_osci_stab_wait  gd32f4xx_rcu.o
    0x08006f44   0x00000024   Code   RO         4509    i.rcu_periph_clock_enable  gd32f4xx_rcu.o
    0x08006f68   0x00000024   Code   RO         4512    i.rcu_periph_reset_disable  gd32f4xx_rcu.o
    0x08006f8c   0x00000024   Code   RO         4513    i.rcu_periph_reset_enable  gd32f4xx_rcu.o
    0x08006fb0   0x00000018   Code   RO         4518    i.rcu_rtc_clock_config  gd32f4xx_rcu.o
    0x08006fc8   0x00000050   Code   RO         7270    i.read_config_file  function_1.o
    0x08007018   0x00000014   Code   RO          822    i.read_flash        spi_flash.o
    0x0800702c   0x00000012   Code   RO          823    i.read_flash_long   spi_flash.o
    0x0800703e   0x00000068   Code   RO         6835    i.remove_chain      ff.o
    0x080070a6   0x00000002   PAD
    0x080070a8   0x00000064   Code   RO         4790    i.rtc_current_time_get  gd32f4xx_rtc.o
    0x0800710c   0x000000dc   Code   RO         4795    i.rtc_init          gd32f4xx_rtc.o
    0x080071e8   0x00000048   Code   RO         4796    i.rtc_init_mode_enter  gd32f4xx_rtc.o
    0x08007230   0x00000014   Code   RO         4797    i.rtc_init_mode_exit  gd32f4xx_rtc.o
    0x08007244   0x0000003c   Code   RO          754    i.rtc_pre_config    rtc.o
    0x08007280   0x00000060   Code   RO         4802    i.rtc_register_sync_wait  gd32f4xx_rtc.o
    0x080072e0   0x00000210   Code   RO          755    i.rtc_setup         rtc.o
    0x080074f0   0x0000008c   Code   RO          757    i.rtc_show_time     rtc.o
    0x0800757c   0x00000038   Code   RO         7215    i.sample_need       dataprocess_1.o
    0x080075b4   0x000000dc   Code   RO         7271    i.sample_to_file    function_1.o
    0x08007690   0x0000001a   Code   RO          824    i.save_flash        spi_flash.o
    0x080076aa   0x00000002   PAD
    0x080076ac   0x000000ec   Code   RO         1017    i.scan_key          key.o
    0x08007798   0x00000218   Code   RO          367    i.sd_block_read     sdcard.o
    0x080079b0   0x00000320   Code   RO          368    i.sd_block_write    sdcard.o
    0x08007cd0   0x00000094   Code   RO          369    i.sd_bus_mode_config  sdcard.o
    0x08007d64   0x000000fc   Code   RO          370    i.sd_bus_width_config  sdcard.o
    0x08007e60   0x000002c0   Code   RO          372    i.sd_card_information_get  sdcard.o
    0x08008120   0x0000011c   Code   RO          373    i.sd_card_init      sdcard.o
    0x0800823c   0x00000026   Code   RO          374    i.sd_card_select_deselect  sdcard.o
    0x08008262   0x00000002   PAD
    0x08008264   0x000000b8   Code   RO          375    i.sd_card_state_get  sdcard.o
    0x0800831c   0x00000048   Code   RO          376    i.sd_cardstatus_get  sdcard.o
    0x08008364   0x00000018   Code   RO          377    i.sd_datablocksize_get  sdcard.o
    0x0800837c   0x00000046   Code   RO          379    i.sd_init           sdcard.o
    0x080083c2   0x00000002   PAD
    0x080083c4   0x00000130   Code   RO          380    i.sd_interrupts_process  sdcard.o
    0x080084f4   0x0000029c   Code   RO          382    i.sd_multiblocks_read  sdcard.o
    0x08008790   0x00000398   Code   RO          383    i.sd_multiblocks_write  sdcard.o
    0x08008b28   0x0000012c   Code   RO          385    i.sd_power_on       sdcard.o
    0x08008c54   0x0000015c   Code   RO          386    i.sd_scr_get        sdcard.o
    0x08008db0   0x00000018   Code   RO          388    i.sd_transfer_mode_config  sdcard.o
    0x08008dc8   0x00000024   Code   RO          390    i.sd_transfer_stop  sdcard.o
    0x08008dec   0x0000001c   Code   RO         5043    i.sdio_bus_mode_set  gd32f4xx_sdio.o
    0x08008e08   0x00000034   Code   RO         5050    i.sdio_clock_config  gd32f4xx_sdio.o
    0x08008e3c   0x00000014   Code   RO         5052    i.sdio_clock_enable  gd32f4xx_sdio.o
    0x08008e50   0x0000000c   Code   RO         5053    i.sdio_command_index_get  gd32f4xx_sdio.o
    0x08008e5c   0x00000038   Code   RO         5054    i.sdio_command_response_config  gd32f4xx_sdio.o
    0x08008e94   0x00000014   Code   RO         5056    i.sdio_csm_enable   gd32f4xx_sdio.o
    0x08008ea8   0x0000003c   Code   RO         5057    i.sdio_data_config  gd32f4xx_sdio.o
    0x08008ee4   0x0000000c   Code   RO         5059    i.sdio_data_read    gd32f4xx_sdio.o
    0x08008ef0   0x0000001c   Code   RO         5060    i.sdio_data_transfer_config  gd32f4xx_sdio.o
    0x08008f0c   0x0000000c   Code   RO         5061    i.sdio_data_write   gd32f4xx_sdio.o
    0x08008f18   0x00000014   Code   RO         5062    i.sdio_deinit       gd32f4xx_sdio.o
    0x08008f2c   0x00000014   Code   RO         5063    i.sdio_dma_disable  gd32f4xx_sdio.o
    0x08008f40   0x00000014   Code   RO         5064    i.sdio_dma_enable   gd32f4xx_sdio.o
    0x08008f54   0x00000014   Code   RO         5065    i.sdio_dsm_disable  gd32f4xx_sdio.o
    0x08008f68   0x00000014   Code   RO         5066    i.sdio_dsm_enable   gd32f4xx_sdio.o
    0x08008f7c   0x0000000c   Code   RO         5068    i.sdio_flag_clear   gd32f4xx_sdio.o
    0x08008f88   0x00000014   Code   RO         5069    i.sdio_flag_get     gd32f4xx_sdio.o
    0x08008f9c   0x00000014   Code   RO         5070    i.sdio_hardware_clock_disable  gd32f4xx_sdio.o
    0x08008fb0   0x00000010   Code   RO         5072    i.sdio_interrupt_disable  gd32f4xx_sdio.o
    0x08008fc0   0x00000010   Code   RO         5073    i.sdio_interrupt_enable  gd32f4xx_sdio.o
    0x08008fd0   0x0000000c   Code   RO         5074    i.sdio_interrupt_flag_clear  gd32f4xx_sdio.o
    0x08008fdc   0x00000014   Code   RO         5075    i.sdio_interrupt_flag_get  gd32f4xx_sdio.o
    0x08008ff0   0x0000000c   Code   RO         5078    i.sdio_power_state_get  gd32f4xx_sdio.o
    0x08008ffc   0x0000000c   Code   RO         5079    i.sdio_power_state_set  gd32f4xx_sdio.o
    0x08009008   0x0000003c   Code   RO         5083    i.sdio_response_get  gd32f4xx_sdio.o
    0x08009044   0x0000001c   Code   RO         5088    i.sdio_wait_type_set  gd32f4xx_sdio.o
    0x08009060   0x0000000c   Code   RO         1082    i.set_command_from  usart0.o
    0x0800906c   0x0000000c   Code   RO         1083    i.set_command_type  usart0.o
    0x08009078   0x0000000c   Code   RO         1018    i.set_cycle_time    key.o
    0x08009084   0x0000000c   Code   RO         7126    i.set_limit         configfunction_1.o
    0x08009090   0x0000000c   Code   RO         7272    i.set_log_log_flag  function_1.o
    0x0800909c   0x0000000c   Code   RO         7127    i.set_ratio         configfunction_1.o
    0x080090a8   0x0000000c   Code   RO         7128    i.set_wf_limit_i    configfunction_1.o
    0x080090b4   0x0000000c   Code   RO         7129    i.set_wf_ratio_i    configfunction_1.o
    0x080090c0   0x0000000a   Code   RO         5349    i.spi_enable        gd32f4xx_spi.o
    0x080090ca   0x00000002   PAD
    0x080090cc   0x00000054   Code   RO          827    i.spi_flash_buffer_read  spi_flash.o
    0x08009120   0x000000c6   Code   RO          828    i.spi_flash_buffer_write  spi_flash.o
    0x080091e6   0x00000002   PAD
    0x080091e8   0x0000009c   Code   RO          830    i.spi_flash_init    spi_flash.o
    0x08009284   0x0000005c   Code   RO          831    i.spi_flash_page_write  spi_flash.o
    0x080092e0   0x00000054   Code   RO          833    i.spi_flash_read_id  spi_flash.o
    0x08009334   0x00000044   Code   RO          834    i.spi_flash_sector_erase  spi_flash.o
    0x08009378   0x00000038   Code   RO          835    i.spi_flash_send_byte  spi_flash.o
    0x080093b0   0x00000038   Code   RO          838    i.spi_flash_wait_for_write_end  spi_flash.o
    0x080093e8   0x00000024   Code   RO          839    i.spi_flash_write_enable  spi_flash.o
    0x0800940c   0x00000008   Code   RO         5351    i.spi_i2s_data_receive  gd32f4xx_spi.o
    0x08009414   0x00000004   Code   RO         5352    i.spi_i2s_data_transmit  gd32f4xx_spi.o
    0x08009418   0x00000010   Code   RO         5354    i.spi_i2s_flag_get  gd32f4xx_spi.o
    0x08009428   0x00000032   Code   RO         5359    i.spi_init          gd32f4xx_spi.o
    0x0800945a   0x00000002   PAD
    0x0800945c   0x00000064   Code   RO         1084    i.start_function    usart0.o
    0x080094c0   0x00000060   Code   RO         1085    i.stop_function     usart0.o
    0x08009520   0x00000020   Code   RO         6836    i.sum_sfn           ff.o
    0x08009540   0x000000ca   Code   RO         6837    i.sync              ff.o
    0x0800960a   0x00000002   PAD
    0x0800960c   0x000000ac   Code   RO         5592    i.syscfg_exti_line_config  gd32f4xx_syscfg.o
    0x080096b8   0x00000108   Code   RO         1213    i.system_clock_240m_25m_hxtal  system_gd32f4xx.o
    0x080097c0   0x00000008   Code   RO         1214    i.system_clock_config  system_gd32f4xx.o
    0x080097c8   0x00000050   Code   RO          289    i.systick_config    systick.o
    0x08009818   0x000001f4   Code   RO         7368    i.test_function     testfunction_1.o
    0x08009a0c   0x00000184   Code   RO         5681    i.timer_deinit      gd32f4xx_timer.o
    0x08009b90   0x0000000a   Code   RO         5686    i.timer_enable      gd32f4xx_timer.o
    0x08009b9a   0x00000002   PAD
    0x08009b9c   0x00000098   Code   RO         5696    i.timer_init        gd32f4xx_timer.o
    0x08009c34   0x00000008   Code   RO         5703    i.timer_interrupt_enable  gd32f4xx_timer.o
    0x08009c3c   0x00000006   Code   RO         5704    i.timer_interrupt_flag_clear  gd32f4xx_timer.o
    0x08009c42   0x00000018   Code   RO         5705    i.timer_interrupt_flag_get  gd32f4xx_timer.o
    0x08009c5a   0x00000016   Code   RO         5716    i.timer_struct_para_init  gd32f4xx_timer.o
    0x08009c70   0x0000004c   Code   RO         1086    i.uart_receive_string  usart0.o
    0x08009cbc   0x000000e8   Code   RO         6334    i.usart_baudrate_set  gd32f4xx_usart.o
    0x08009da4   0x0000000a   Code   RO         6338    i.usart_data_receive  gd32f4xx_usart.o
    0x08009dae   0x00000008   Code   RO         6339    i.usart_data_transmit  gd32f4xx_usart.o
    0x08009db6   0x00000002   PAD
    0x08009db8   0x000000dc   Code   RO         6340    i.usart_deinit      gd32f4xx_usart.o
    0x08009e94   0x0000000a   Code   RO         6344    i.usart_enable      gd32f4xx_usart.o
    0x08009e9e   0x0000001e   Code   RO         6346    i.usart_flag_get    gd32f4xx_usart.o
    0x08009ebc   0x00000030   Code   RO         1087    i.usart_flush_rx    usart0.o
    0x08009eec   0x00000014   Code   RO         6351    i.usart_hardware_flow_cts_config  gd32f4xx_usart.o
    0x08009f00   0x00000014   Code   RO         6352    i.usart_hardware_flow_rts_config  gd32f4xx_usart.o
    0x08009f14   0x0000001a   Code   RO         6353    i.usart_interrupt_disable  gd32f4xx_usart.o
    0x08009f2e   0x0000001a   Code   RO         6354    i.usart_interrupt_enable  gd32f4xx_usart.o
    0x08009f48   0x0000001a   Code   RO         6355    i.usart_interrupt_flag_clear  gd32f4xx_usart.o
    0x08009f62   0x00000038   Code   RO         6356    i.usart_interrupt_flag_get  gd32f4xx_usart.o
    0x08009f9a   0x00000010   Code   RO         6369    i.usart_parity_config  gd32f4xx_usart.o
    0x08009faa   0x00000002   PAD
    0x08009fac   0x0000009c   Code   RO         7273    i.usart_read_config  function_1.o
    0x0800a048   0x00000010   Code   RO         6371    i.usart_receive_config  gd32f4xx_usart.o
    0x0800a058   0x00000010   Code   RO         6382    i.usart_stop_bit_set  gd32f4xx_usart.o
    0x0800a068   0x00000010   Code   RO         6386    i.usart_transmit_config  gd32f4xx_usart.o
    0x0800a078   0x00000010   Code   RO         6387    i.usart_word_length_set  gd32f4xx_usart.o
    0x0800a088   0x0000002a   Code   RO         6838    i.validate          ff.o
    0x0800a0b2   0x00001fd8   Data   RO          601    .constdata          oled.o
    0x0800c08a   0x00000002   PAD
    0x0800c08c   0x00000019   Data   RO         1089    .constdata          usart0.o
    0x0800c0a5   0x0000000d   Data   RO         6840    .constdata          ff.o
    0x0800c0b2   0x0000eab0   Data   RO         7088    .constdata          cc932.o
    0x0801ab62   0x00000081   Data   RO         7764    .constdata          mc_w.l(ctype_o.o)
    0x0801abe3   0x00000001   PAD
    0x0801abe4   0x00000004   Data   RO         7765    .constdata          mc_w.l(ctype_o.o)
    0x0801abe8   0x00000020   Data   RO         7798    Region$$Table       anon$$obj.o


    Execution Region RW_IRAM1 (Base: 0x20000000, Size: 0x00001170, Max: 0x00030000, ABSOLUTE, COMPRESSED[0x0000004c])

    Base Addr    Size         Type   Attr      Idx    E Section Name        Object

    0x20000000   0x00000004   Data   RW          290    .data               systick.o
    0x20000004   0x00000002   Data   RW          331    .data               led.o
    0x20000006   0x00000002   PAD
    0x20000008   0x00000024   Data   RW          392    .data               sdcard.o
    0x2000002c   0x0000000c   Data   RW          760    .data               rtc.o
    0x20000038   0x00000006   Data   RW          953    .data               timer.o
    0x2000003e   0x00000001   Data   RW         1019    .data               key.o
    0x2000003f   0x00000006   Data   RW         1090    .data               usart0.o
    0x20000045   0x00000003   PAD
    0x20000048   0x00000004   Data   RW         1215    .data               system_gd32f4xx.o
    0x2000004c   0x00000007   Data   RW         6841    .data               ff.o
    0x20000053   0x00000001   PAD
    0x20000054   0x0000000d   Data   RW         7130    .data               configfunction_1.o
    0x20000061   0x00000003   PAD
    0x20000064   0x0000000d   Data   RW         7217    .data               dataprocess_1.o
    0x20000071   0x00000003   PAD
    0x20000074   0x000001bd   Data   RW         7275    .data               function_1.o
    0x20000231   0x00000003   PAD
    0x20000234   0x00000004   Data   RW         7718    .data               mc_w.l(stdout.o)
    0x20000238   0x00000004   Data   RW         7726    .data               mc_w.l(errno.o)
    0x2000023c   0x00000020   Zero   RW          391    .bss                sdcard.o
    0x2000025c   0x00000240   Zero   RW          600    .bss                oled.o
    0x2000049c   0x0000003c   Zero   RW          759    .bss                rtc.o
    0x200004d8   0x00000064   Zero   RW         1088    .bss                usart0.o
    0x2000053c   0x00000200   Zero   RW         6839    .bss                ff.o
    0x2000073c   0x0000007a   Zero   RW         7216    .bss                dataprocess_1.o
    0x200007b6   0x00000002   PAD
    0x200007b8   0x000005b2   Zero   RW         7274    .bss                function_1.o
    0x20000d6a   0x00000006   PAD
    0x20000d70   0x00000400   Zero   RW         6731    STACK               startup_gd32f450_470.o


==============================================================================

Image component sizes


      Code (inc. data)   RO Data    RW Data    ZI Data      Debug   Object Name

       152         14          0          0          0       1011   adc.o
       180         18      60080          0          0       2619   cc932.o
       604        276          0         13          0       7288   configfunction_1.o
      1768        426          0         13        122       5699   dataprocess_1.o
       316          0          0          0          0       4476   diskio.o
      7250         76         13          7        512      33601   ff.o
      2740        660          0        445       1458      14319   function_1.o
       640          8          0          0          0       8974   gd32f4xx_adc.o
       826          4          0          0          0       6247   gd32f4xx_dma.o
       224         16          0          0          0       2034   gd32f4xx_exti.o
       266          0          0          0          0       5095   gd32f4xx_gpio.o
        40          0          0          0          0      99069   gd32f4xx_it.o
       216         20          0          0          0       1520   gd32f4xx_misc.o
        20          6          0          0          0        566   gd32f4xx_pmu.o
       864         66          0          0          0       7072   gd32f4xx_rcu.o
       508         24          0          0          0       4266   gd32f4xx_rtc.o
       628        136          0          0          0      16054   gd32f4xx_sdio.o
        88          0          0          0          0       3822   gd32f4xx_spi.o
       172          6          0          0          0        798   gd32f4xx_syscfg.o
       610         44          0          0          0       5205   gd32f4xx_timer.o
       764         18          0          0          0      11762   gd32f4xx_usart.o
       520        128          0          1          0       4002   key.o
       132         12          0          2          0       1097   led.o
        14          0          0          0          0       5903   main.o
      1370         58       8152          0        576       9614   oled.o
       868        278          0         12         60       4434   rtc.o
      6966        344          0         36         32      31216   sdcard.o
       894         50          0          0          0       8452   spi_flash.o
        36          8        428          0       1024        872   startup_gd32f450_470.o
       484         32          0          4          0       2791   system_gd32f4xx.o
       164         24          0          4          0      28946   systick.o
       524        254          0          0          0       1384   testfunction_1.o
       370         46          0          6          0       5070   timer.o
      2584        894         25          6        100      10125   usart0.o

    ----------------------------------------------------------------------
     33852       3946      68732        564       3892     355403   Object Totals
         0          0         32          0          0          0   (incl. Generated)
        50          0          2         15          8          0   (incl. Padding)

    ----------------------------------------------------------------------

      Code (inc. data)   RO Data    RW Data    ZI Data      Debug   Library Member Name

        56         12          0          0          0        132   atof.o
        56          8          0          0          0         84   __0sscanf.o
        86          0          0          0          0          0   __dczerorl2.o
        28          0          0          0          0         68   _chval.o
       812          4          0          0          0        112   _scanf.o
       332          0          0          0          0         96   _scanf_int.o
       224          0          0          0          0         96   _scanf_str.o
        64          0          0          0          0         84   _sgetc.o
         8          4        133          0          0         68   ctype_o.o
         0          0          0          0          0          0   entry.o
         0          0          0          0          0          0   entry10a.o
         0          0          0          0          0          0   entry11a.o
         8          4          0          0          0          0   entry2.o
         4          0          0          0          0          0   entry5.o
         0          0          0          0          0          0   entry7b.o
         0          0          0          0          0          0   entry8b.o
         8          4          0          0          0          0   entry9a.o
        24         12          0          4          0        136   errno.o
        30          0          0          0          0          0   handlers.o
        36          8          0          0          0         68   init.o
        18          0          0          0          0         76   isspace_o.o
         0          0          0          0          0          0   iusefp.o
        30          0          0          0          0         68   llshl.o
        36          0          0          0          0         68   llsshr.o
        32          0          0          0          0         68   llushr.o
        36          0          0          0          0         68   memcpya.o
        36          0          0          0          0        108   memseta.o
      2338        100          0          0          0        748   printfa.o
        40          8          0          0          0         84   scanf_char.o
       838         12          0          0          0        216   scanf_fp.o
         0          0          0          4          0          0   stdout.o
        28          0          0          0          0         76   strcmp.o
        14          0          0          0          0         68   strlen.o
       156         14          0          0          0        120   strtod.o
        44          0          0          0          0         80   uidiv.o
        98          0          0          0          0         92   uldiv.o
        48          0          0          0          0         68   cdrcmple.o
        56          0          0          0          0         88   d2f.o
       334          0          0          0          0        148   dadd.o
       222          0          0          0          0        100   ddiv.o
       186          0          0          0          0        176   depilogue.o
        48          0          0          0          0         68   dfixul.o
        26          0          0          0          0         76   dfltui.o
        24          0          0          0          0         76   dfltul.o
       228          0          0          0          0         96   dmul.o
        38          0          0          0          0         68   f2d.o
       110          0          0          0          0        168   fepilogue.o

    ----------------------------------------------------------------------
      6858        194        134          8          0       4016   Library Totals
        18          4          1          0          0          0   (incl. Padding)

    ----------------------------------------------------------------------

      Code (inc. data)   RO Data    RW Data    ZI Data      Debug   Library Name

        56         12          0          0          0        132   m_wm.l
      5464        178        133          8          0       2752   mc_w.l
      1320          0          0          0          0       1132   mf_w.l

    ----------------------------------------------------------------------
      6858        194        134          8          0       4016   Library Totals

    ----------------------------------------------------------------------

==============================================================================


      Code (inc. data)   RO Data    RW Data    ZI Data      Debug   

     40710       4140      68866        572       3892     329023   Grand Totals
     40710       4140      68866         76       3892     329023   ELF Image Totals (compressed)
     40710       4140      68866         76          0          0   ROM Totals

==============================================================================

    Total RO  Size (Code + RO Data)               109576 ( 107.01kB)
    Total RW  Size (RW Data + ZI Data)              4464 (   4.36kB)
    Total ROM Size (Code + RO Data + RW Data)     109652 ( 107.08kB)

==============================================================================

