<html>
<body>
<pre>
<h1>礦ision Build Log</h1>
<h2>Tool Versions:</h2>
IDE-Version: μVision V5.20.0.0
Copyright (C) 2016 ARM Ltd and ARM Germany GmbH. All rights reserved.
License Information: 1 lzy, 1, LIC=76F5U-S9L4M-AR1XW-QP6KH-QE6BI-MPH5A
 
Tool Versions:
Toolchain:       MDK-ARM Plus  Version: 5.20
Toolchain Path:  D:\Keil_v5\ARM\ARMCC\Bin
C Compiler:      Armcc.exe V5.06 update 2 (build 183)
Assembler:       Armasm.exe V5.06 update 2 (build 183)
Linker/Locator:  ArmLink.exe V5.06 update 2 (build 183)
Library Manager: ArmAr.exe V5.06 update 2 (build 183)
Hex Converter:   FromElf.exe V5.06 update 2 (build 183)
CPU DLL:         SARMCM3.DLL V5.20
Dialog DLL:      DCM.DLL V1.13.7.0
Target DLL:      STLink\ST-LINKIII-KEIL_SWO.dll V2.0.18.0
Dialog DLL:      TCM.DLL V1.14.9.0
 
<h2>Project:</h2>
D:\西门子比赛\171523\问题很大 - 副本\project\CIMC_GD32_fatfs_driver.uvprojx
Project File Date:  06/17/2025

<h2>Output:</h2>
*** Using Compiler 'V5.06 update 2 (build 183)', folder: 'D:\Keil_v5\ARM\ARMCC\Bin'
Build target 'CIMC_GD32_fatfs_driver'
compiling Function.c...
..\sysFunction\Function.c(22): warning:  #47-D: incompatible redefinition of macro "RX_BUFFER_SIZE" (declared at line 25 of "..\Protocol\USART0\USART0.h")
  #define RX_BUFFER_SIZE                 BUFFER_SIZE
..\sysFunction\Function.c: 1 warning, 0 errors
linking...
Program Size: Code=40710 RO-data=68866 RW-data=572 ZI-data=3892  
FromELF: creating hex file...
".\Objects\CIMC_GD32_fatfs_driver.axf" - 0 Error(s), 1 Warning(s).

<h2>Software Packages used:</h2>

Package Vendor: ARM
                http://www.keil.com/pack/ARM.CMSIS.4.5.0.pack
                ARM::CMSIS:CORE:4.3.0
                CMSIS (Cortex Microcontroller Software Interface Standard)
   * Component: CORE Version: 4.3.0

<h2>Collection of Component include folders:</h2>
  D:\西门子比赛\171523\问题很大 - 副本\project\RTE
  D:\Keil_v5\ARM\PACK\ARM\CMSIS\4.5.0\CMSIS\Include
  D:\Keil_v5\ARM\PACK\GigaDevice\GD32F4xx_DFP\3.3.0\Device\F4XX\Include

<h2>Collection of Component Files used:</h2>

   * Component: ARM::CMSIS:CORE:4.3.0
Build Time Elapsed:  00:00:02
</pre>
</body>
</html>
